Component: Arm Compiler for Embedded 6.19 Tool: armlink [5e73cb00]

==============================================================================

Section Cross References

    startup_stm32f446xx.o(STACK) refers (Special) to heapauxi.o(.text) for __use_two_region_memory
    startup_stm32f446xx.o(HEAP) refers (Special) to heapauxi.o(.text) for __use_two_region_memory
    startup_stm32f446xx.o(RESET) refers (Special) to heapauxi.o(.text) for __use_two_region_memory
    startup_stm32f446xx.o(RESET) refers to startup_stm32f446xx.o(STACK) for __initial_sp
    startup_stm32f446xx.o(RESET) refers to startup_stm32f446xx.o(.text) for Reset_Handler
    startup_stm32f446xx.o(RESET) refers to stm32f4xx_it.o(.text.NMI_Handler) for NMI_Handler
    startup_stm32f446xx.o(RESET) refers to stm32f4xx_it.o(.text.HardFault_Handler) for HardFault_Handler
    startup_stm32f446xx.o(RESET) refers to stm32f4xx_it.o(.text.MemManage_Handler) for MemManage_Handler
    startup_stm32f446xx.o(RESET) refers to stm32f4xx_it.o(.text.BusFault_Handler) for BusFault_Handler
    startup_stm32f446xx.o(RESET) refers to stm32f4xx_it.o(.text.UsageFault_Handler) for UsageFault_Handler
    startup_stm32f446xx.o(RESET) refers to stm32f4xx_it.o(.text.SVC_Handler) for SVC_Handler
    startup_stm32f446xx.o(RESET) refers to stm32f4xx_it.o(.text.DebugMon_Handler) for DebugMon_Handler
    startup_stm32f446xx.o(RESET) refers to stm32f4xx_it.o(.text.PendSV_Handler) for PendSV_Handler
    startup_stm32f446xx.o(RESET) refers to stm32f4xx_it.o(.text.SysTick_Handler) for SysTick_Handler
    startup_stm32f446xx.o(RESET) refers to stm32f4xx_it.o(.text.EXTI15_10_IRQHandler) for EXTI15_10_IRQHandler
    startup_stm32f446xx.o(.text) refers (Special) to heapauxi.o(.text) for __use_two_region_memory
    startup_stm32f446xx.o(.text) refers to system_stm32f4xx.o(.text.SystemInit) for SystemInit
    startup_stm32f446xx.o(.text) refers to __main.o(!!!main) for __main
    startup_stm32f446xx.o(.text) refers to startup_stm32f446xx.o(HEAP) for Heap_Mem
    startup_stm32f446xx.o(.text) refers to startup_stm32f446xx.o(STACK) for Stack_Mem
    main.o(.text.main) refers to stm32f4xx_hal.o(.text.HAL_Init) for HAL_Init
    main.o(.text.main) refers to config.o(.text.SystemClock_Config) for SystemClock_Config
    main.o(.text.main) refers to config.o(.text.MX_GPIO_Init) for MX_GPIO_Init
    main.o(.text.main) refers to config.o(.text.MX_I2C1_Init) for MX_I2C1_Init
    main.o(.text.main) refers to config.o(.text.MX_USART3_UART_Init) for MX_USART3_UART_Init
    main.o(.text.main) refers to config.o(.text.MX_USB_OTG_FS_PCD_Init) for MX_USB_OTG_FS_PCD_Init
    main.o(.text.main) refers to dfr0151.o(.text.rtc_init) for rtc_init
    main.o(.text.main) refers to dfr0151.o(.text.eeprom_read_ext) for eeprom_read_ext
    main.o(.text.main) refers to dfr0151.o(.text.rtc_set_date) for rtc_set_date
    main.o(.text.main) refers to dfr0151.o(.text.rtc_set_time) for rtc_set_time
    main.o(.text.main) refers to dfr0151.o(.text.rtc_get_time) for rtc_get_time
    main.o(.text.main) refers to dfr0151.o(.text.rtc_get_date) for rtc_get_date
    main.o(.text.main) refers to main.o(.bss.msg) for msg
    main.o(.text.main) refers to main.o(.rodata.str1.1) for .L.str
    main.o(.text.main) refers to sprintf.o(.text) for sprintf
    main.o(.text.main) refers to config.o(.text.print_msg) for print_msg
    main.o(.text.main) refers to memcmp.o(.text) for memcmp
    main.o(.text.main) refers to stm32f4xx_hal_gpio.o(.text.HAL_GPIO_TogglePin) for HAL_GPIO_TogglePin
    main.o(.text.main) refers to stm32f4xx_hal_gpio.o(.text.HAL_GPIO_WritePin) for HAL_GPIO_WritePin
    main.o(.text.main) refers to stm32f4xx_hal.o(.text.HAL_Delay) for HAL_Delay
    main.o(.ARM.exidx.text.main) refers to main.o(.text.main) for [Anonymous Symbol]
    stm32f4xx_it.o(.text.NMI_Handler) refers to stm32f4xx_it.o(.rodata.str1.1) for .L.str
    stm32f4xx_it.o(.text.NMI_Handler) refers to sprintf.o(.text) for sprintf
    stm32f4xx_it.o(.text.NMI_Handler) refers to config.o(.text.print_msg) for print_msg
    stm32f4xx_it.o(.ARM.exidx.text.NMI_Handler) refers to stm32f4xx_it.o(.text.NMI_Handler) for [Anonymous Symbol]
    stm32f4xx_it.o(.text.HardFault_Handler) refers to stm32f4xx_it.o(.rodata.str1.1) for .L.str.1
    stm32f4xx_it.o(.text.HardFault_Handler) refers to sprintf.o(.text) for sprintf
    stm32f4xx_it.o(.text.HardFault_Handler) refers to config.o(.text.print_msg) for print_msg
    stm32f4xx_it.o(.ARM.exidx.text.HardFault_Handler) refers to stm32f4xx_it.o(.text.HardFault_Handler) for [Anonymous Symbol]
    stm32f4xx_it.o(.text.MemManage_Handler) refers to stm32f4xx_it.o(.rodata.str1.1) for .L.str.2
    stm32f4xx_it.o(.text.MemManage_Handler) refers to sprintf.o(.text) for sprintf
    stm32f4xx_it.o(.text.MemManage_Handler) refers to config.o(.text.print_msg) for print_msg
    stm32f4xx_it.o(.ARM.exidx.text.MemManage_Handler) refers to stm32f4xx_it.o(.text.MemManage_Handler) for [Anonymous Symbol]
[...]
    [Anonymous Symbol]                       0x080033ac   Section        0  stm32f4xx_hal_rcc_ex.o(.text.HAL_RCC_GetSysClockFreq)
    [Anonymous Symbol]                       0x0800351c   Section        0  stm32f4xx_hal_rcc_ex.o(.text.HAL_RCC_OscConfig)
    [Anonymous Symbol]                       0x08003c44   Section        0  stm32f4xx_hal_cortex.o(.text.HAL_SYSTICK_Config)
    [Anonymous Symbol]                       0x08003c54   Section        0  stm32f4xx_hal_uart.o(.text.HAL_UART_Init)
    [Anonymous Symbol]                       0x08003cf0   Section        0  stm32f4xx_hal_msp.o(.text.HAL_UART_MspInit)
    [Anonymous Symbol]                       0x08003d84   Section        0  stm32f4xx_hal_uart.o(.text.HAL_UART_Transmit)
    [Anonymous Symbol]                       0x08003ed4   Section        0  stm32f4xx_it.o(.text.HardFault_Handler)
    I2C_IsAcknowledgeFailed                  0x08003ef5   Thumb Code   100  stm32f4xx_hal_i2c.o(.text.I2C_IsAcknowledgeFailed)
    [Anonymous Symbol]                       0x08003ef4   Section        0  stm32f4xx_hal_i2c.o(.text.I2C_IsAcknowledgeFailed)
    I2C_RequestMemoryRead                    0x08003f59   Thumb Code   482  stm32f4xx_hal_i2c.o(.text.I2C_RequestMemoryRead)
    [Anonymous Symbol]                       0x08003f58   Section        0  stm32f4xx_hal_i2c.o(.text.I2C_RequestMemoryRead)
    I2C_RequestMemoryWrite                   0x0800413d   Thumb Code   314  stm32f4xx_hal_i2c.o(.text.I2C_RequestMemoryWrite)
    [Anonymous Symbol]                       0x0800413c   Section        0  stm32f4xx_hal_i2c.o(.text.I2C_RequestMemoryWrite)
    I2C_WaitOnBTFFlagUntilTimeout            0x08004279   Thumb Code   150  stm32f4xx_hal_i2c.o(.text.I2C_WaitOnBTFFlagUntilTimeout)
    [Anonymous Symbol]                       0x08004278   Section        0  stm32f4xx_hal_i2c.o(.text.I2C_WaitOnBTFFlagUntilTimeout)
    I2C_WaitOnFlagUntilTimeout               0x08004311   Thumb Code   190  stm32f4xx_hal_i2c.o(.text.I2C_WaitOnFlagUntilTimeout)
    [Anonymous Symbol]                       0x08004310   Section        0  stm32f4xx_hal_i2c.o(.text.I2C_WaitOnFlagUntilTimeout)
    I2C_WaitOnMasterAddressFlagUntilTimeout  0x080043d1   Thumb Code   272  stm32f4xx_hal_i2c.o(.text.I2C_WaitOnMasterAddressFlagUntilTimeout)
    [Anonymous Symbol]                       0x080043d0   Section        0  stm32f4xx_hal_i2c.o(.text.I2C_WaitOnMasterAddressFlagUntilTimeout)
    I2C_WaitOnRXNEFlagUntilTimeout           0x080044e1   Thumb Code   198  stm32f4xx_hal_i2c.o(.text.I2C_WaitOnRXNEFlagUntilTimeout)
    [Anonymous Symbol]                       0x080044e0   Section        0  stm32f4xx_hal_i2c.o(.text.I2C_WaitOnRXNEFlagUntilTimeout)
    I2C_WaitOnTXEFlagUntilTimeout            0x080045a9   Thumb Code   148  stm32f4xx_hal_i2c.o(.text.I2C_WaitOnTXEFlagUntilTimeout)
    [Anonymous Symbol]                       0x080045a8   Section        0  stm32f4xx_hal_i2c.o(.text.I2C_WaitOnTXEFlagUntilTimeout)
    [Anonymous Symbol]                       0x0800463c   Section        0  config.o(.text.MX_GPIO_Init)
    [Anonymous Symbol]                       0x080047c0   Section        0  config.o(.text.MX_I2C1_Init)
    [Anonymous Symbol]                       0x08004808   Section        0  config.o(.text.MX_USART3_UART_Init)
    [Anonymous Symbol]                       0x08004848   Section        0  config.o(.text.MX_USB_OTG_FS_PCD_Init)
    [Anonymous Symbol]                       0x08004888   Section        0  stm32f4xx_it.o(.text.MemManage_Handler)
    [Anonymous Symbol]                       0x080048a8   Section        0  stm32f4xx_it.o(.text.NMI_Handler)
    NVIC_EncodePriority                      0x080048c9   Thumb Code   108  stm32f4xx_hal_cortex.o(.text.NVIC_EncodePriority)
    [Anonymous Symbol]                       0x080048c8   Section        0  stm32f4xx_hal_cortex.o(.text.NVIC_EncodePriority)
    [Anonymous Symbol]                       0x08004934   Section        0  stm32f4xx_it.o(.text.PendSV_Handler)
    [Anonymous Symbol]                       0x08004938   Section        0  stm32f4xx_it.o(.text.SVC_Handler)
    SysTick_Config                           0x0800493d   Thumb Code    82  stm32f4xx_hal_cortex.o(.text.SysTick_Config)
    [Anonymous Symbol]                       0x0800493c   Section        0  stm32f4xx_hal_cortex.o(.text.SysTick_Config)
    [Anonymous Symbol]                       0x08004990   Section        0  stm32f4xx_it.o(.text.SysTick_Handler)
    [Anonymous Symbol]                       0x08004998   Section        0  config.o(.text.SystemClock_Config)
    [Anonymous Symbol]                       0x08004a58   Section        0  system_stm32f4xx.o(.text.SystemInit)
    UART_SetConfig                           0x08004a6d   Thumb Code   314  stm32f4xx_hal_uart.o(.text.UART_SetConfig)
    [Anonymous Symbol]                       0x08004a6c   Section        0  stm32f4xx_hal_uart.o(.text.UART_SetConfig)
    UART_WaitOnFlagUntilTimeout              0x08004ba9   Thumb Code   210  stm32f4xx_hal_uart.o(.text.UART_WaitOnFlagUntilTimeout)
    [Anonymous Symbol]                       0x08004ba8   Section        0  stm32f4xx_hal_uart.o(.text.UART_WaitOnFlagUntilTimeout)
    [Anonymous Symbol]                       0x08004c7c   Section        0  stm32f4xx_ll_usb.o(.text.USB_CoreInit)
    USB_CoreReset                            0x08004d79   Thumb Code   130  stm32f4xx_ll_usb.o(.text.USB_CoreReset)
    [Anonymous Symbol]                       0x08004d78   Section        0  stm32f4xx_ll_usb.o(.text.USB_CoreReset)
    [Anonymous Symbol]                       0x08004dfc   Section        0  stm32f4xx_ll_usb.o(.text.USB_DevDisconnect)
    [Anonymous Symbol]                       0x08004e28   Section        0  stm32f4xx_ll_usb.o(.text.USB_DevInit)
    [Anonymous Symbol]                       0x080050e0   Section        0  stm32f4xx_ll_usb.o(.text.USB_DisableGlobalInt)
    [Anonymous Symbol]                       0x080050f4   Section        0  stm32f4xx_ll_usb.o(.text.USB_FlushRxFifo)
    [Anonymous Symbol]                       0x08005174   Section        0  stm32f4xx_ll_usb.o(.text.USB_FlushTxFifo)
    [Anonymous Symbol]                       0x080051fc   Section        0  stm32f4xx_ll_usb.o(.text.USB_GetMode)
    [Anonymous Symbol]                       0x0800520c   Section        0  stm32f4xx_ll_usb.o(.text.USB_SetCurrentMode)
    [Anonymous Symbol]                       0x080052ec   Section        0  stm32f4xx_ll_usb.o(.text.USB_SetDevSpeed)
    [Anonymous Symbol]                       0x08005310   Section        0  stm32f4xx_it.o(.text.UsageFault_Handler)
    __NVIC_EnableIRQ                         0x08005315   Thumb Code    48  stm32f4xx_hal_cortex.o(.text.__NVIC_EnableIRQ)
    [Anonymous Symbol]                       0x08005314   Section        0  stm32f4xx_hal_cortex.o(.text.__NVIC_EnableIRQ)
    __NVIC_GetPriorityGrouping               0x08005345   Thumb Code    16  stm32f4xx_hal_cortex.o(.text.__NVIC_GetPriorityGrouping)
    [Anonymous Symbol]                       0x08005344   Section        0  stm32f4xx_hal_cortex.o(.text.__NVIC_GetPriorityGrouping)
    __NVIC_SetPriority                       0x08005355   Thumb Code    66  stm32f4xx_hal_cortex.o(.text.__NVIC_SetPriority)
    [Anonymous Symbol]                       0x08005354   Section        0  stm32f4xx_hal_cortex.o(.text.__NVIC_SetPriority)
    __NVIC_SetPriorityGrouping               0x08005399   Thumb Code    60  stm32f4xx_hal_cortex.o(.text.__NVIC_SetPriorityGrouping)
    [Anonymous Symbol]                       0x08005398   Section        0  stm32f4xx_hal_cortex.o(.text.__NVIC_SetPriorityGrouping)
    [Anonymous Symbol]                       0x080053d4   Section        0  dfr0151.o(.text.bcd2bin)
    [Anonymous Symbol]                       0x080053f4   Section        0  dfr0151.o(.text.bin2bcd)
    [Anonymous Symbol]                       0x08005424   Section        0  dfr0151.o(.text.eeprom_read_ext)
    [Anonymous Symbol]                       0x08005468   Section        0  dfr0151.o(.text.eeprom_write)
    [Anonymous Symbol]                       0x080054ac   Section        0  main.o(.text.main)
    [Anonymous Symbol]                       0x08005638   Section        0  config.o(.text.print_msg)
    [Anonymous Symbol]                       0x0800565c   Section        0  dfr0151.o(.text.rtc_get_date)
    [Anonymous Symbol]                       0x080056c8   Section        0  dfr0151.o(.text.rtc_get_time)
    [Anonymous Symbol]                       0x08005728   Section        0  dfr0151.o(.text.rtc_init)
    [Anonymous Symbol]                       0x080057a8   Section        0  dfr0151.o(.text.rtc_read)
    [Anonymous Symbol]                       0x080057e4   Section        0  dfr0151.o(.text.rtc_set_date)
    [Anonymous Symbol]                       0x08005858   Section        0  dfr0151.o(.text.rtc_set_time)
    [Anonymous Symbol]                       0x080058bc   Section        0  dfr0151.o(.text.rtc_write)
    CL$$btod_d2e                             0x08005900   Section       62  btod.o(CL$$btod_d2e)
    CL$$btod_d2e_denorm_low                  0x0800593e   Section       70  btod.o(CL$$btod_d2e_denorm_low)
    CL$$btod_d2e_norm_op1                    0x08005984   Section       96  btod.o(CL$$btod_d2e_norm_op1)
    CL$$btod_div_common                      0x080059e4   Section      824  btod.o(CL$$btod_div_common)
    CL$$btod_e2e                             0x08005d1c   Section      220  btod.o(CL$$btod_e2e)
    CL$$btod_ediv                            0x08005df8   Section       42  btod.o(CL$$btod_ediv)
    CL$$btod_emul                            0x08005e22   Section       42  btod.o(CL$$btod_emul)
    CL$$btod_mult_common                     0x08005e4c   Section      580  btod.o(CL$$btod_mult_common)
    i.__ARM_fpclassify                       0x08006090   Section        0  fpclassify.o(i.__ARM_fpclassify)
    i._is_digit                              0x080060c0   Section        0  __printf_wp.o(i._is_digit)
    locale$$code                             0x080060d0   Section       44  lc_numeric_c.o(locale$$code)
    locale$$code                             0x080060fc   Section       44  lc_ctype_c.o(locale$$code)
    $v0                                      0x08006128   Number         0  fpinit.o(x$fpl$fpinit)
    x$fpl$fpinit                             0x08006128   Section       26  fpinit.o(x$fpl$fpinit)
    $v0                                      0x08006142   Number         0  printf1.o(x$fpl$printf1)
    x$fpl$printf1                            0x08006142   Section        4  printf1.o(x$fpl$printf1)
    $v0                                      0x08006146   Number         0  printf2.o(x$fpl$printf2)
    x$fpl$printf2                            0x08006146   Section        4  printf2.o(x$fpl$printf2)
    x$fpl$usenofp                            0x0800614a   Section        0  usenofp.o(x$fpl$usenofp)
    initial_mbstate                          0x0800614c   Data           8  _printf_wctomb.o(.constdata)
    .constdata                               0x0800614c   Section        8  _printf_wctomb.o(.constdata)
    uc_hextab                                0x08006154   Data          20  _printf_hex_int_ll_ptr.o(.constdata)
    .constdata                               0x08006154   Section       40  _printf_hex_int_ll_ptr.o(.constdata)
    lc_hextab                                0x08006168   Data          20  _printf_hex_int_ll_ptr.o(.constdata)
    maptable                                 0x0800617c   Data          17  __printf_flags_ss_wp.o(.constdata)
    .constdata                               0x0800617c   Section       17  __printf_flags_ss_wp.o(.constdata)
    lc_hextab                                0x0800618d   Data          19  _printf_fp_hex.o(.constdata)
    .constdata                               0x0800618d   Section       38  _printf_fp_hex.o(.constdata)
    uc_hextab                                0x080061a0   Data          19  _printf_fp_hex.o(.constdata)
    tenpwrs_x                                0x080061b4   Data          60  bigflt0.o(.constdata)
    .constdata                               0x080061b4   Section      148  bigflt0.o(.constdata)
    tenpwrs_i                                0x080061f0   Data          64  bigflt0.o(.constdata)
    .L.str.1                                 0x08006260   Data           7  main.o(.rodata.str1.1)
    [Anonymous Symbol]                       0x08006260   Section        0  main.o(.rodata.str1.1)
    .L.str                                   0x08006267   Data          48  main.o(.rodata.str1.1)
    .L.str.2                                 0x08006297   Data          11  stm32f4xx_it.o(.rodata.str1.1)
    [Anonymous Symbol]                       0x08006297   Section        0  stm32f4xx_it.o(.rodata.str1.1)
    .L.str                                   0x080062a2   Data           4  stm32f4xx_it.o(.rodata.str1.1)
    .L.str.1                                 0x080062a6   Data          10  stm32f4xx_it.o(.rodata.str1.1)
    locale$$data                             0x080062d0   Section       28  lc_numeric_c.o(locale$$data)
    __lcnum_c_name                           0x080062d4   Data           2  lc_numeric_c.o(locale$$data)
    __lcnum_c_start                          0x080062dc   Data           0  lc_numeric_c.o(locale$$data)
    __lcnum_c_point                          0x080062e8   Data           0  lc_numeric_c.o(locale$$data)
    __lcnum_c_thousands                      0x080062ea   Data           0  lc_numeric_c.o(locale$$data)
    __lcnum_c_grouping                       0x080062eb   Data           0  lc_numeric_c.o(locale$$data)
    __lcnum_c_end                            0x080062ec   Data           0  lc_numeric_c.o(locale$$data)
    locale$$data                             0x080062ec   Section      272  lc_ctype_c.o(locale$$data)
    __lcctype_c_name                         0x080062f0   Data           2  lc_ctype_c.o(locale$$data)
    __lcctype_c_start                        0x080062f8   Data           0  lc_ctype_c.o(locale$$data)
    __lcctype_c_end                          0x080063fc   Data           0  lc_ctype_c.o(locale$$data)
    .bss                                     0x20000010   Section       96  libspace.o(.bss)
    Heap_Mem                                 0x20000668   Data         512  startup_stm32f446xx.o(HEAP)
    HEAP                                     0x20000668   Section      512  startup_stm32f446xx.o(HEAP)
    Stack_Mem                                0x20000868   Data        1024  startup_stm32f446xx.o(STACK)
    STACK                                    0x20000868   Section     1024  startup_stm32f446xx.o(STACK)
    __initial_sp                             0x20000c68   Data           0  startup_stm32f446xx.o(STACK)

    Global Symbols

    Symbol Name                              Value     Ov Type        Size  Object(Section)

    BuildAttributes$$THM_ISAv4$E$P$D$K$B$S$7EM$VFPi3$EXTD16$VFPS$VFMA$PE$A:L22UL41UL21$X:L11$S22US41US21$IEEE1$IW$~IW$USESV6$~STKCKD$USESV7$~SHL$OTIME$ROPI$IEEEJ$EBA8$UX$STANDARDLIB$REQ8$PRES8$EABIv2 0x00000000   Number         0  anon$$obj.o ABSOLUTE
    _printf_flags                            0x00000000   Number         0  printf_stubs.o ABSOLUTE
    _printf_return_value                     0x00000000   Number         0  printf_stubs.o ABSOLUTE
    _printf_sizespec                         0x00000000   Number         0  printf_stubs.o ABSOLUTE
    _printf_widthprec                        0x00000000   Number         0  printf_stubs.o ABSOLUTE
    __ARM_exceptions_init                     - Undefined Weak Reference
    __alloca_initialize                       - Undefined Weak Reference
    __arm_preinit_                            - Undefined Weak Reference
    __arm_relocate_pie_                       - Undefined Weak Reference
    __cpp_initialize__aeabi_                  - Undefined Weak Reference
    __cxa_finalize                            - Undefined Weak Reference
    __sigvec_lookup                           - Undefined Weak Reference
    _atexit_init                              - Undefined Weak Reference
    _call_atexit_fns                          - Undefined Weak Reference
    _clock_init                               - Undefined Weak Reference
    _fp_trap_init                             - Undefined Weak Reference
    _fp_trap_shutdown                         - Undefined Weak Reference
    _get_lc_collate                           - Undefined Weak Reference
    _get_lc_monetary                          - Undefined Weak Reference
    _get_lc_time                              - Undefined Weak Reference
    _getenv_init                              - Undefined Weak Reference
    _handle_redirection                       - Undefined Weak Reference
    _init_alloc                               - Undefined Weak Reference
    _init_user_alloc                          - Undefined Weak Reference
    _initio                                   - Undefined Weak Reference
    _printf_mbtowc                            - Undefined Weak Reference
    _printf_wc                                - Undefined Weak Reference
    _rand_init                                - Undefined Weak Reference
    _signal_finish                            - Undefined Weak Reference
    _signal_init                              - Undefined Weak Reference
    _terminate_alloc                          - Undefined Weak Reference
    _terminate_user_alloc                     - Undefined Weak Reference
    _terminateio                              - Undefined Weak Reference
    __Vectors_Size                           0x000001c4   Number         0  startup_stm32f446xx.o ABSOLUTE
    __Vectors                                0x08000000   Data           4  startup_stm32f446xx.o(RESET)
    __Vectors_End                            0x080001c4   Data           0  startup_stm32f446xx.o(RESET)
    __main                                   0x080001c5   Thumb Code     8  __main.o(!!!main)
    __scatterload                            0x080001cd   Thumb Code     0  __scatter.o(!!!scatter)
    __scatterload_rt2                        0x080001cd   Thumb Code    44  __scatter.o(!!!scatter)
    __scatterload_rt2_thumb_only             0x080001cd   Thumb Code     0  __scatter.o(!!!scatter)
    __scatterload_null                       0x080001db   Thumb Code     0  __scatter.o(!!!scatter)
    __scatterload_copy                       0x08000201   Thumb Code    26  __scatter_copy.o(!!handler_copy)
    __scatterload_zeroinit                   0x0800021d   Thumb Code    28  __scatter_zi.o(!!handler_zi)
    _printf_n                                0x08000239   Thumb Code     0  _printf_n.o(.ARM.Collect$$_printf_percent$$00000001)
    _printf_percent                          0x08000239   Thumb Code     0  _printf_percent.o(.ARM.Collect$$_printf_percent$$00000000)
    _printf_p                                0x0800023f   Thumb Code     0  _printf_p.o(.ARM.Collect$$_printf_percent$$00000002)
    _printf_f                                0x08000245   Thumb Code     0  _printf_f.o(.ARM.Collect$$_printf_percent$$00000003)
    _printf_e                                0x0800024b   Thumb Code     0  _printf_e.o(.ARM.Collect$$_printf_percent$$00000004)
    _printf_g                                0x08000251   Thumb Code     0  _printf_g.o(.ARM.Collect$$_printf_percent$$00000005)
    _printf_a                                0x08000257   Thumb Code     0  _printf_a.o(.ARM.Collect$$_printf_percent$$00000006)
    _printf_ll                               0x0800025d   Thumb Code     0  _printf_ll.o(.ARM.Collect$$_printf_percent$$00000007)
    _printf_i                                0x08000267   Thumb Code     0  _printf_i.o(.ARM.Collect$$_printf_percent$$00000008)
    _printf_d                                0x0800026d   Thumb Code     0  _printf_d.o(.ARM.Collect$$_printf_percent$$00000009)
    _printf_u                                0x08000273   Thumb Code     0  _printf_u.o(.ARM.Collect$$_printf_percent$$0000000A)
    _printf_o                                0x08000279   Thumb Code     0  _printf_o.o(.ARM.Collect$$_printf_percent$$0000000B)
    _printf_x                                0x0800027f   Thumb Code     0  _printf_x.o(.ARM.Collect$$_printf_percent$$0000000C)
    _printf_lli                              0x08000285   Thumb Code     0  _printf_lli.o(.ARM.Collect$$_printf_percent$$0000000D)
    _printf_lld                              0x0800028b   Thumb Code     0  _printf_lld.o(.ARM.Collect$$_printf_percent$$0000000E)
    _printf_llu                              0x08000291   Thumb Code     0  _printf_llu.o(.ARM.Collect$$_printf_percent$$0000000F)
    _printf_llo                              0x08000297   Thumb Code     0  _printf_llo.o(.ARM.Collect$$_printf_percent$$00000010)
    _printf_llx                              0x0800029d   Thumb Code     0  _printf_llx.o(.ARM.Collect$$_printf_percent$$00000011)
    _printf_l                                0x080002a3   Thumb Code     0  _printf_l.o(.ARM.Collect$$_printf_percent$$00000012)
    _printf_c                                0x080002ad   Thumb Code     0  _printf_c.o(.ARM.Collect$$_printf_percent$$00000013)
    _printf_s                                0x080002b3   Thumb Code     0  _printf_s.o(.ARM.Collect$$_printf_percent$$00000014)
    _printf_lc                               0x080002b9   Thumb Code     0  _printf_lc.o(.ARM.Collect$$_printf_percent$$00000015)
    _printf_ls                               0x080002bf   Thumb Code     0  _printf_ls.o(.ARM.Collect$$_printf_percent$$00000016)
    _printf_percent_end                      0x080002c5   Thumb Code     0  _printf_percent_end.o(.ARM.Collect$$_printf_percent$$00000017)
    __rt_lib_init                            0x080002c9   Thumb Code     0  libinit.o(.ARM.Collect$$libinit$$00000000)
    __rt_lib_init_fp_1                       0x080002cb   Thumb Code     0  libinit2.o(.ARM.Collect$$libinit$$00000001)
    __rt_lib_init_heap_1                     0x080002cf   Thumb Code     0  libinit2.o(.ARM.Collect$$libinit$$0000000C)
    __rt_lib_init_lc_common                  0x080002cf   Thumb Code     0  libinit2.o(.ARM.Collect$$libinit$$00000011)
    __rt_lib_init_preinit_1                  0x080002cf   Thumb Code     0  libinit2.o(.ARM.Collect$$libinit$$00000006)
    __rt_lib_init_rand_1                     0x080002cf   Thumb Code     0  libinit2.o(.ARM.Collect$$libinit$$00000010)
    __rt_lib_init_relocate_pie_1             0x080002cf   Thumb Code     0  libinit2.o(.ARM.Collect$$libinit$$00000004)
    __rt_lib_init_user_alloc_1               0x080002cf   Thumb Code     0  libinit2.o(.ARM.Collect$$libinit$$0000000E)
    __rt_lib_init_lc_collate_1               0x080002d5   Thumb Code     0  libinit2.o(.ARM.Collect$$libinit$$00000013)
    __rt_lib_init_lc_ctype_2                 0x080002d5   Thumb Code     0  libinit2.o(.ARM.Collect$$libinit$$00000014)
    __rt_lib_init_lc_ctype_1                 0x080002e1   Thumb Code     0  libinit2.o(.ARM.Collect$$libinit$$00000015)
    __rt_lib_init_lc_monetary_1              0x080002e1   Thumb Code     0  libinit2.o(.ARM.Collect$$libinit$$00000017)
    __rt_lib_init_lc_numeric_2               0x080002e1   Thumb Code     0  libinit2.o(.ARM.Collect$$libinit$$00000018)
    __rt_lib_init_alloca_1                   0x080002eb   Thumb Code     0  libinit2.o(.ARM.Collect$$libinit$$00000030)
    __rt_lib_init_argv_1                     0x080002eb   Thumb Code     0  libinit2.o(.ARM.Collect$$libinit$$0000002E)
    __rt_lib_init_atexit_1                   0x080002eb   Thumb Code     0  libinit2.o(.ARM.Collect$$libinit$$0000001D)
    __rt_lib_init_clock_1                    0x080002eb   Thumb Code     0  libinit2.o(.ARM.Collect$$libinit$$00000023)
    __rt_lib_init_cpp_1                      0x080002eb   Thumb Code     0  libinit2.o(.ARM.Collect$$libinit$$00000034)
    __rt_lib_init_exceptions_1               0x080002eb   Thumb Code     0  libinit2.o(.ARM.Collect$$libinit$$00000032)
    __rt_lib_init_fp_trap_1                  0x080002eb   Thumb Code     0  libinit2.o(.ARM.Collect$$libinit$$00000021)
    __rt_lib_init_getenv_1                   0x080002eb   Thumb Code     0  libinit2.o(.ARM.Collect$$libinit$$00000025)
    __rt_lib_init_lc_numeric_1               0x080002eb   Thumb Code     0  libinit2.o(.ARM.Collect$$libinit$$00000019)
    __rt_lib_init_lc_time_1                  0x080002eb   Thumb Code     0  libinit2.o(.ARM.Collect$$libinit$$0000001B)
    __rt_lib_init_return                     0x080002eb   Thumb Code     0  libinit2.o(.ARM.Collect$$libinit$$00000035)
    __rt_lib_init_signal_1                   0x080002eb   Thumb Code     0  libinit2.o(.ARM.Collect$$libinit$$0000001F)
    __rt_lib_init_stdio_1                    0x080002eb   Thumb Code     0  libinit2.o(.ARM.Collect$$libinit$$00000027)
    __rt_lib_shutdown                        0x080002ed   Thumb Code     0  libshutdown.o(.ARM.Collect$$libshutdown$$00000000)
    __rt_lib_shutdown_cpp_1                  0x080002ef   Thumb Code     0  libshutdown2.o(.ARM.Collect$$libshutdown$$00000002)
    __rt_lib_shutdown_fp_trap_1              0x080002ef   Thumb Code     0  libshutdown2.o(.ARM.Collect$$libshutdown$$00000007)
    __rt_lib_shutdown_heap_1                 0x080002ef   Thumb Code     0  libshutdown2.o(.ARM.Collect$$libshutdown$$0000000F)
    __rt_lib_shutdown_return                 0x080002ef   Thumb Code     0  libshutdown2.o(.ARM.Collect$$libshutdown$$00000010)
    __rt_lib_shutdown_signal_1               0x080002ef   Thumb Code     0  libshutdown2.o(.ARM.Collect$$libshutdown$$0000000A)
    __rt_lib_shutdown_stdio_1                0x080002ef   Thumb Code     0  libshutdown2.o(.ARM.Collect$$libshutdown$$00000004)
    __rt_lib_shutdown_user_alloc_1           0x080002ef   Thumb Code     0  libshutdown2.o(.ARM.Collect$$libshutdown$$0000000C)
    __rt_entry                               0x080002f1   Thumb Code     0  __rtentry.o(.ARM.Collect$$rtentry$$00000000)
    __rt_entry_presh_1                       0x080002f1   Thumb Code     0  __rtentry2.o(.ARM.Collect$$rtentry$$00000002)
    __rt_entry_sh                            0x080002f1   Thumb Code     0  __rtentry4.o(.ARM.Collect$$rtentry$$00000004)
    __rt_entry_li                            0x080002f7   Thumb Code     0  __rtentry2.o(.ARM.Collect$$rtentry$$0000000A)
    __rt_entry_postsh_1                      0x080002f7   Thumb Code     0  __rtentry2.o(.ARM.Collect$$rtentry$$00000009)
    __rt_entry_main                          0x080002fb   Thumb Code     0  __rtentry2.o(.ARM.Collect$$rtentry$$0000000D)
    __rt_entry_postli_1                      0x080002fb   Thumb Code     0  __rtentry2.o(.ARM.Collect$$rtentry$$0000000C)
    __rt_exit                                0x08000303   Thumb Code     0  rtexit.o(.ARM.Collect$$rtexit$$00000000)
    __rt_exit_ls                             0x08000305   Thumb Code     0  rtexit2.o(.ARM.Collect$$rtexit$$00000003)
    __rt_exit_prels_1                        0x08000305   Thumb Code     0  rtexit2.o(.ARM.Collect$$rtexit$$00000002)
    __rt_exit_exit                           0x08000309   Thumb Code     0  rtexit2.o(.ARM.Collect$$rtexit$$00000004)
    Reset_Handler                            0x08000311   Thumb Code     8  startup_stm32f446xx.o(.text)
    ADC_IRQHandler                           0x0800032b   Thumb Code     0  startup_stm32f446xx.o(.text)
    CAN1_RX0_IRQHandler                      0x0800032b   Thumb Code     0  startup_stm32f446xx.o(.text)
    CAN1_RX1_IRQHandler                      0x0800032b   Thumb Code     0  startup_stm32f446xx.o(.text)
    CAN1_SCE_IRQHandler                      0x0800032b   Thumb Code     0  startup_stm32f446xx.o(.text)
    CAN1_TX_IRQHandler                       0x0800032b   Thumb Code     0  startup_stm32f446xx.o(.text)
    CAN2_RX0_IRQHandler                      0x0800032b   Thumb Code     0  startup_stm32f446xx.o(.text)
    CAN2_RX1_IRQHandler                      0x0800032b   Thumb Code     0  startup_stm32f446xx.o(.text)
    CAN2_SCE_IRQHandler                      0x0800032b   Thumb Code     0  startup_stm32f446xx.o(.text)
    CAN2_TX_IRQHandler                       0x0800032b   Thumb Code     0  startup_stm32f446xx.o(.text)
    CEC_IRQHandler                           0x0800032b   Thumb Code     0  startup_stm32f446xx.o(.text)
    DCMI_IRQHandler                          0x0800032b   Thumb Code     0  startup_stm32f446xx.o(.text)
    DMA1_Stream0_IRQHandler                  0x0800032b   Thumb Code     0  startup_stm32f446xx.o(.text)
    DMA1_Stream1_IRQHandler                  0x0800032b   Thumb Code     0  startup_stm32f446xx.o(.text)
    DMA1_Stream2_IRQHandler                  0x0800032b   Thumb Code     0  startup_stm32f446xx.o(.text)
    DMA1_Stream3_IRQHandler                  0x0800032b   Thumb Code     0  startup_stm32f446xx.o(.text)
    DMA1_Stream4_IRQHandler                  0x0800032b   Thumb Code     0  startup_stm32f446xx.o(.text)
    DMA1_Stream5_IRQHandler                  0x0800032b   Thumb Code     0  startup_stm32f446xx.o(.text)
    DMA1_Stream6_IRQHandler                  0x0800032b   Thumb Code     0  startup_stm32f446xx.o(.text)
    DMA1_Stream7_IRQHandler                  0x0800032b   Thumb Code     0  startup_stm32f446xx.o(.text)
    DMA2_Stream0_IRQHandler                  0x0800032b   Thumb Code     0  startup_stm32f446xx.o(.text)
    DMA2_Stream1_IRQHandler                  0x0800032b   Thumb Code     0  startup_stm32f446xx.o(.text)
    DMA2_Stream2_IRQHandler                  0x0800032b   Thumb Code     0  startup_stm32f446xx.o(.text)
    DMA2_Stream3_IRQHandler                  0x0800032b   Thumb Code     0  startup_stm32f446xx.o(.text)
    DMA2_Stream4_IRQHandler                  0x0800032b   Thumb Code     0  startup_stm32f446xx.o(.text)
    DMA2_Stream5_IRQHandler                  0x0800032b   Thumb Code     0  startup_stm32f446xx.o(.text)
    DMA2_Stream6_IRQHandler                  0x0800032b   Thumb Code     0  startup_stm32f446xx.o(.text)
    DMA2_Stream7_IRQHandler                  0x0800032b   Thumb Code     0  startup_stm32f446xx.o(.text)
    EXTI0_IRQHandler                         0x0800032b   Thumb Code     0  startup_stm32f446xx.o(.text)
    EXTI1_IRQHandler                         0x0800032b   Thumb Code     0  startup_stm32f446xx.o(.text)
    EXTI2_IRQHandler                         0x0800032b   Thumb Code     0  startup_stm32f446xx.o(.text)
    EXTI3_IRQHandler                         0x0800032b   Thumb Code     0  startup_stm32f446xx.o(.text)
    EXTI4_IRQHandler                         0x0800032b   Thumb Code     0  startup_stm32f446xx.o(.text)
    EXTI9_5_IRQHandler                       0x0800032b   Thumb Code     0  startup_stm32f446xx.o(.text)
    FLASH_IRQHandler                         0x0800032b   Thumb Code     0  startup_stm32f446xx.o(.text)
    FMC_IRQHandler                           0x0800032b   Thumb Code     0  startup_stm32f446xx.o(.text)
    FMPI2C1_ER_IRQHandler                    0x0800032b   Thumb Code     0  startup_stm32f446xx.o(.text)
    FMPI2C1_EV_IRQHandler                    0x0800032b   Thumb Code     0  startup_stm32f446xx.o(.text)
    FPU_IRQHandler                           0x0800032b   Thumb Code     0  startup_stm32f446xx.o(.text)
    I2C1_ER_IRQHandler                       0x0800032b   Thumb Code     0  startup_stm32f446xx.o(.text)
    I2C1_EV_IRQHandler                       0x0800032b   Thumb Code     0  startup_stm32f446xx.o(.text)
    I2C2_ER_IRQHandler                       0x0800032b   Thumb Code     0  startup_stm32f446xx.o(.text)
    I2C2_EV_IRQHandler                       0x0800032b   Thumb Code     0  startup_stm32f446xx.o(.text)
    I2C3_ER_IRQHandler                       0x0800032b   Thumb Code     0  startup_stm32f446xx.o(.text)
    I2C3_EV_IRQHandler                       0x0800032b   Thumb Code     0  startup_stm32f446xx.o(.text)
    OTG_FS_IRQHandler                        0x0800032b   Thumb Code     0  startup_stm32f446xx.o(.text)
    OTG_FS_WKUP_IRQHandler                   0x0800032b   Thumb Code     0  startup_stm32f446xx.o(.text)
    OTG_HS_EP1_IN_IRQHandler                 0x0800032b   Thumb Code     0  startup_stm32f446xx.o(.text)
    OTG_HS_EP1_OUT_IRQHandler                0x0800032b   Thumb Code     0  startup_stm32f446xx.o(.text)
    OTG_HS_IRQHandler                        0x0800032b   Thumb Code     0  startup_stm32f446xx.o(.text)
    OTG_HS_WKUP_IRQHandler                   0x0800032b   Thumb Code     0  startup_stm32f446xx.o(.text)
    PVD_IRQHandler                           0x0800032b   Thumb Code     0  startup_stm32f446xx.o(.text)
    QUADSPI_IRQHandler                       0x0800032b   Thumb Code     0  startup_stm32f446xx.o(.text)
    RCC_IRQHandler                           0x0800032b   Thumb Code     0  startup_stm32f446xx.o(.text)
    RTC_Alarm_IRQHandler                     0x0800032b   Thumb Code     0  startup_stm32f446xx.o(.text)
    RTC_WKUP_IRQHandler                      0x0800032b   Thumb Code     0  startup_stm32f446xx.o(.text)
    SAI1_IRQHandler                          0x0800032b   Thumb Code     0  startup_stm32f446xx.o(.text)
    SAI2_IRQHandler                          0x0800032b   Thumb Code     0  startup_stm32f446xx.o(.text)
    SDIO_IRQHandler                          0x0800032b   Thumb Code     0  startup_stm32f446xx.o(.text)
    SPDIF_RX_IRQHandler                      0x0800032b   Thumb Code     0  startup_stm32f446xx.o(.text)
    SPI1_IRQHandler                          0x0800032b   Thumb Code     0  startup_stm32f446xx.o(.text)
    SPI2_IRQHandler                          0x0800032b   Thumb Code     0  startup_stm32f446xx.o(.text)
    SPI3_IRQHandler                          0x0800032b   Thumb Code     0  startup_stm32f446xx.o(.text)
    SPI4_IRQHandler                          0x0800032b   Thumb Code     0  startup_stm32f446xx.o(.text)
    TAMP_STAMP_IRQHandler                    0x0800032b   Thumb Code     0  startup_stm32f446xx.o(.text)
    TIM1_BRK_TIM9_IRQHandler                 0x0800032b   Thumb Code     0  startup_stm32f446xx.o(.text)
    TIM1_CC_IRQHandler                       0x0800032b   Thumb Code     0  startup_stm32f446xx.o(.text)
    TIM1_TRG_COM_TIM11_IRQHandler            0x0800032b   Thumb Code     0  startup_stm32f446xx.o(.text)
    TIM1_UP_TIM10_IRQHandler                 0x0800032b   Thumb Code     0  startup_stm32f446xx.o(.text)
    TIM2_IRQHandler                          0x0800032b   Thumb Code     0  startup_stm32f446xx.o(.text)
    TIM3_IRQHandler                          0x0800032b   Thumb Code     0  startup_stm32f446xx.o(.text)
    TIM4_IRQHandler                          0x0800032b   Thumb Code     0  startup_stm32f446xx.o(.text)
    TIM5_IRQHandler                          0x0800032b   Thumb Code     0  startup_stm32f446xx.o(.text)
    TIM6_DAC_IRQHandler                      0x0800032b   Thumb Code     0  startup_stm32f446xx.o(.text)
    TIM7_IRQHandler                          0x0800032b   Thumb Code     0  startup_stm32f446xx.o(.text)
    TIM8_BRK_TIM12_IRQHandler                0x0800032b   Thumb Code     0  startup_stm32f446xx.o(.text)
    TIM8_CC_IRQHandler                       0x0800032b   Thumb Code     0  startup_stm32f446xx.o(.text)
    TIM8_TRG_COM_TIM14_IRQHandler            0x0800032b   Thumb Code     0  startup_stm32f446xx.o(.text)
    TIM8_UP_TIM13_IRQHandler                 0x0800032b   Thumb Code     0  startup_stm32f446xx.o(.text)
    UART4_IRQHandler                         0x0800032b   Thumb Code     0  startup_stm32f446xx.o(.text)
    UART5_IRQHandler                         0x0800032b   Thumb Code     0  startup_stm32f446xx.o(.text)
    USART1_IRQHandler                        0x0800032b   Thumb Code     0  startup_stm32f446xx.o(.text)
    USART2_IRQHandler                        0x0800032b   Thumb Code     0  startup_stm32f446xx.o(.text)
    USART3_IRQHandler                        0x0800032b   Thumb Code     0  startup_stm32f446xx.o(.text)
    USART6_IRQHandler                        0x0800032b   Thumb Code     0  startup_stm32f446xx.o(.text)
    WWDG_IRQHandler                          0x0800032b   Thumb Code     0  startup_stm32f446xx.o(.text)
    __user_initial_stackheap                 0x0800032d   Thumb Code     0  startup_stm32f446xx.o(.text)
    __aeabi_uldivmod                         0x08000351   Thumb Code     0  lludivv7m.o(.text)
    _ll_udiv                                 0x08000351   Thumb Code   240  lludivv7m.o(.text)
    sprintf                                  0x08000441   Thumb Code    38  sprintf.o(.text)
    memcmp                                   0x0800046d   Thumb Code    88  memcmp.o(.text)
    strlen                                   0x080004c5   Thumb Code    62  strlen.o(.text)
    __aeabi_memclr4                          0x08000503   Thumb Code     0  rt_memclr_w.o(.text)
    __aeabi_memclr8                          0x08000503   Thumb Code     0  rt_memclr_w.o(.text)
    __rt_memclr_w                            0x08000503   Thumb Code     0  rt_memclr_w.o(.text)
    _memset_w                                0x08000507   Thumb Code    74  rt_memclr_w.o(.text)
    __use_two_region_memory                  0x08000551   Thumb Code     2  heapauxi.o(.text)
    __rt_heap_escrow$2region                 0x08000553   Thumb Code     2  heapauxi.o(.text)
    __rt_heap_expand$2region                 0x08000555   Thumb Code     2  heapauxi.o(.text)
    _printf_pre_padding                      0x08000557   Thumb Code    44  _printf_pad.o(.text)
    _printf_post_padding                     0x08000583   Thumb Code    34  _printf_pad.o(.text)
    _printf_truncate_signed                  0x080005a5   Thumb Code    18  _printf_truncate.o(.text)
    _printf_truncate_unsigned                0x080005b7   Thumb Code    18  _printf_truncate.o(.text)
    _printf_str                              0x080005c9   Thumb Code    82  _printf_str.o(.text)
    _printf_int_dec                          0x0800061d   Thumb Code   104  _printf_dec.o(.text)
    _printf_charcount                        0x08000695   Thumb Code    40  _printf_charcount.o(.text)
    _printf_char_common                      0x080006c7   Thumb Code    32  _printf_char_common.o(.text)
    _sputc                                   0x080006ed   Thumb Code    10  _sputc.o(.text)
    _printf_wctomb                           0x080006f9   Thumb Code   182  _printf_wctomb.o(.text)
    _printf_longlong_dec                     0x080007b5   Thumb Code   108  _printf_longlong_dec.o(.text)
    _printf_longlong_oct                     0x08000831   Thumb Code    68  _printf_oct_int_ll.o(.text)
    _printf_int_oct                          0x08000875   Thumb Code    24  _printf_oct_int_ll.o(.text)
    _printf_ll_oct                           0x0800088d   Thumb Code    12  _printf_oct_int_ll.o(.text)
    _printf_longlong_hex                     0x080008a1   Thumb Code    86  _printf_hex_int_ll_ptr.o(.text)
    _printf_int_hex                          0x080008f7   Thumb Code    28  _printf_hex_int_ll_ptr.o(.text)
    _printf_ll_hex                           0x08000913   Thumb Code    12  _printf_hex_int_ll_ptr.o(.text)
    _printf_hex_ptr                          0x0800091f   Thumb Code    18  _printf_hex_int_ll_ptr.o(.text)
    __printf                                 0x08000935   Thumb Code   388  __printf_flags_ss_wp.o(.text)
    _ll_udiv10                               0x08000abd   Thumb Code   138  lludiv10.o(.text)
    _printf_int_common                       0x08000b47   Thumb Code   178  _printf_intcommon.o(.text)
    _printf_fp_dec_real                      0x08000da9   Thumb Code   620  _printf_fp_dec.o(.text)
    _printf_fp_hex_real                      0x08001015   Thumb Code   756  _printf_fp_hex.o(.text)
    _printf_cs_common                        0x08001311   Thumb Code    20  _printf_char.o(.text)
    _printf_char                             0x08001325   Thumb Code    16  _printf_char.o(.text)
    _printf_string                           0x08001335   Thumb Code     8  _printf_char.o(.text)
    _printf_lcs_common                       0x0800133d   Thumb Code    20  _printf_wchar.o(.text)
    _printf_wchar                            0x08001351   Thumb Code    16  _printf_wchar.o(.text)
    _printf_wstring                          0x08001361   Thumb Code     8  _printf_wchar.o(.text)
    _c16rtomb                                0x08001369   Thumb Code    72  _c16rtomb.o(.text)
    _wcrtomb                                 0x08001369   Thumb Code     0  _c16rtomb.o(.text)
    __user_setup_stackheap                   0x080013b1   Thumb Code    74  sys_stackheap_outer.o(.text)
    __rt_ctype_table                         0x080013fd   Thumb Code    16  rt_ctype_table.o(.text)
    __rt_locale                              0x0800140d   Thumb Code     8  rt_locale_intlibspace.o(.text)
    _printf_fp_infnan                        0x08001415   Thumb Code   112  _printf_fp_infnan.o(.text)
    _btod_etento                             0x08001495   Thumb Code   224  bigflt0.o(.text)
    exit                                     0x08001579   Thumb Code    18  exit.o(.text)
    __user_libspace                          0x0800158d   Thumb Code     8  libspace.o(.text)
    __user_perproc_libspace                  0x0800158d   Thumb Code     0  libspace.o(.text)
    __user_perthread_libspace                0x0800158d   Thumb Code     0  libspace.o(.text)
    strcmp                                   0x08001599   Thumb Code   124  strcmpv7em.o(.text)
    _sys_exit                                0x08001615   Thumb Code     8  sys_exit.o(.text)
    __I$use$semihosting                      0x08001621   Thumb Code     0  use_no_semi.o(.text)
    __use_no_semihosting_swi                 0x08001621   Thumb Code     2  use_no_semi.o(.text)
    __semihosting_library_function           0x08001623   Thumb Code     0  indicate_semi.o(.text)
    BusFault_Handler                         0x08001625   Thumb Code     2  stm32f4xx_it.o(.text.BusFault_Handler)
    DebugMon_Handler                         0x08001629   Thumb Code     2  stm32f4xx_it.o(.text.DebugMon_Handler)
    EXTI15_10_IRQHandler                     0x0800162d   Thumb Code   106  stm32f4xx_it.o(.text.EXTI15_10_IRQHandler)
    Error_Handler                            0x08001699   Thumb Code    14  config.o(.text.Error_Handler)
    HAL_Delay                                0x080016a9   Thumb Code    66  stm32f4xx_hal.o(.text.HAL_Delay)
    HAL_GPIO_EXTI_Callback                   0x080016ed   Thumb Code    10  stm32f4xx_hal_gpio.o(.text.HAL_GPIO_EXTI_Callback)
    HAL_GPIO_EXTI_IRQHandler                 0x080016f9   Thumb Code    56  stm32f4xx_hal_gpio.o(.text.HAL_GPIO_EXTI_IRQHandler)
    HAL_GPIO_Init                            0x08001731   Thumb Code   922  stm32f4xx_hal_gpio.o(.text.HAL_GPIO_Init)
    HAL_GPIO_TogglePin                       0x08001acd   Thumb Code    38  stm32f4xx_hal_gpio.o(.text.HAL_GPIO_TogglePin)
    HAL_GPIO_WritePin                        0x08001af5   Thumb Code    46  stm32f4xx_hal_gpio.o(.text.HAL_GPIO_WritePin)
    HAL_GetTick                              0x08001b25   Thumb Code    12  stm32f4xx_hal.o(.text.HAL_GetTick)
    HAL_I2C_Init                             0x08001b31   Thumb Code   676  stm32f4xx_hal_i2c.o(.text.HAL_I2C_Init)
    HAL_I2C_Mem_Read                         0x08001dd5   Thumb Code  1068  stm32f4xx_hal_i2c.o(.text.HAL_I2C_Mem_Read)
    HAL_I2C_Mem_Write                        0x08002201   Thumb Code   528  stm32f4xx_hal_i2c.o(.text.HAL_I2C_Mem_Write)
    HAL_I2C_MspInit                          0x08002411   Thumb Code   146  stm32f4xx_hal_msp.o(.text.HAL_I2C_MspInit)
    HAL_IncTick                              0x080024a5   Thumb Code    26  stm32f4xx_hal.o(.text.HAL_IncTick)
    HAL_Init                                 0x080024c1   Thumb Code    60  stm32f4xx_hal.o(.text.HAL_Init)
    HAL_InitTick                             0x080024fd   Thumb Code   112  stm32f4xx_hal.o(.text.HAL_InitTick)
    HAL_MspInit                              0x0800256d   Thumb Code    74  stm32f4xx_hal_msp.o(.text.HAL_MspInit)
    HAL_NVIC_EnableIRQ                       0x080025b9   Thumb Code    20  stm32f4xx_hal_cortex.o(.text.HAL_NVIC_EnableIRQ)
    HAL_NVIC_SetPriority                     0x080025cd   Thumb Code    50  stm32f4xx_hal_cortex.o(.text.HAL_NVIC_SetPriority)
    HAL_NVIC_SetPriorityGrouping             0x08002601   Thumb Code    16  stm32f4xx_hal_cortex.o(.text.HAL_NVIC_SetPriorityGrouping)
    HAL_PCDEx_ActivateLPM                    0x08002611   Thumb Code    54  stm32f4xx_hal_pcd_ex.o(.text.HAL_PCDEx_ActivateLPM)
    HAL_PCD_Init                             0x08002649   Thumb Code   708  stm32f4xx_hal_pcd.o(.text.HAL_PCD_Init)
    HAL_PCD_MspInit                          0x0800290d   Thumb Code   218  stm32f4xx_hal_msp.o(.text.HAL_PCD_MspInit)
    HAL_RCCEx_PeriphCLKConfig                0x080029e9   Thumb Code  1804  stm32f4xx_hal_rcc_ex.o(.text.HAL_RCCEx_PeriphCLKConfig)
    HAL_RCC_ClockConfig                      0x080030f5   Thumb Code   610  stm32f4xx_hal_rcc.o(.text.HAL_RCC_ClockConfig)
    HAL_RCC_GetHCLKFreq                      0x08003359   Thumb Code    12  stm32f4xx_hal_rcc.o(.text.HAL_RCC_GetHCLKFreq)
    HAL_RCC_GetPCLK1Freq                     0x08003365   Thumb Code    34  stm32f4xx_hal_rcc.o(.text.HAL_RCC_GetPCLK1Freq)
    HAL_RCC_GetPCLK2Freq                     0x08003389   Thumb Code    34  stm32f4xx_hal_rcc.o(.text.HAL_RCC_GetPCLK2Freq)
    HAL_RCC_GetSysClockFreq                  0x080033ad   Thumb Code   368  stm32f4xx_hal_rcc_ex.o(.text.HAL_RCC_GetSysClockFreq)
    HAL_RCC_OscConfig                        0x0800351d   Thumb Code  1830  stm32f4xx_hal_rcc_ex.o(.text.HAL_RCC_OscConfig)
    HAL_SYSTICK_Config                       0x08003c45   Thumb Code    16  stm32f4xx_hal_cortex.o(.text.HAL_SYSTICK_Config)
    HAL_UART_Init                            0x08003c55   Thumb Code   154  stm32f4xx_hal_uart.o(.text.HAL_UART_Init)
    HAL_UART_MspInit                         0x08003cf1   Thumb Code   146  stm32f4xx_hal_msp.o(.text.HAL_UART_MspInit)
    HAL_UART_Transmit                        0x08003d85   Thumb Code   334  stm32f4xx_hal_uart.o(.text.HAL_UART_Transmit)
    HardFault_Handler                        0x08003ed5   Thumb Code    30  stm32f4xx_it.o(.text.HardFault_Handler)
    MX_GPIO_Init                             0x0800463d   Thumb Code   386  config.o(.text.MX_GPIO_Init)
    MX_I2C1_Init                             0x080047c1   Thumb Code    72  config.o(.text.MX_I2C1_Init)
    MX_USART3_UART_Init                      0x08004809   Thumb Code    64  config.o(.text.MX_USART3_UART_Init)
    MX_USB_OTG_FS_PCD_Init                   0x08004849   Thumb Code    64  config.o(.text.MX_USB_OTG_FS_PCD_Init)
    MemManage_Handler                        0x08004889   Thumb Code    30  stm32f4xx_it.o(.text.MemManage_Handler)
    NMI_Handler                              0x080048a9   Thumb Code    30  stm32f4xx_it.o(.text.NMI_Handler)
    PendSV_Handler                           0x08004935   Thumb Code     2  stm32f4xx_it.o(.text.PendSV_Handler)
    SVC_Handler                              0x08004939   Thumb Code     2  stm32f4xx_it.o(.text.SVC_Handler)
    SysTick_Handler                          0x08004991   Thumb Code     8  stm32f4xx_it.o(.text.SysTick_Handler)
    SystemClock_Config                       0x08004999   Thumb Code   190  config.o(.text.SystemClock_Config)
    SystemInit                               0x08004a59   Thumb Code    18  system_stm32f4xx.o(.text.SystemInit)
    USB_CoreInit                             0x08004c7d   Thumb Code   252  stm32f4xx_ll_usb.o(.text.USB_CoreInit)
    USB_DevDisconnect                        0x08004dfd   Thumb Code    42  stm32f4xx_ll_usb.o(.text.USB_DevDisconnect)
    USB_DevInit                              0x08004e29   Thumb Code   696  stm32f4xx_ll_usb.o(.text.USB_DevInit)
    USB_DisableGlobalInt                     0x080050e1   Thumb Code    20  stm32f4xx_ll_usb.o(.text.USB_DisableGlobalInt)
    USB_FlushRxFifo                          0x080050f5   Thumb Code   128  stm32f4xx_ll_usb.o(.text.USB_FlushRxFifo)
    USB_FlushTxFifo                          0x08005175   Thumb Code   134  stm32f4xx_ll_usb.o(.text.USB_FlushTxFifo)
    USB_GetMode                              0x080051fd   Thumb Code    16  stm32f4xx_ll_usb.o(.text.USB_GetMode)
    USB_SetCurrentMode                       0x0800520d   Thumb Code   222  stm32f4xx_ll_usb.o(.text.USB_SetCurrentMode)
    USB_SetDevSpeed                          0x080052ed   Thumb Code    34  stm32f4xx_ll_usb.o(.text.USB_SetDevSpeed)
    UsageFault_Handler                       0x08005311   Thumb Code     2  stm32f4xx_it.o(.text.UsageFault_Handler)
    bcd2bin                                  0x080053d5   Thumb Code    30  dfr0151.o(.text.bcd2bin)
    bin2bcd                                  0x080053f5   Thumb Code    46  dfr0151.o(.text.bin2bcd)
    eeprom_read_ext                          0x08005425   Thumb Code    68  dfr0151.o(.text.eeprom_read_ext)
    eeprom_write                             0x08005469   Thumb Code    68  dfr0151.o(.text.eeprom_write)
    main                                     0x080054ad   Thumb Code   394  main.o(.text.main)
    print_msg                                0x08005639   Thumb Code    36  config.o(.text.print_msg)
    rtc_get_date                             0x0800565d   Thumb Code   106  dfr0151.o(.text.rtc_get_date)
    rtc_get_time                             0x080056c9   Thumb Code    94  dfr0151.o(.text.rtc_get_time)
    rtc_init                                 0x08005729   Thumb Code   126  dfr0151.o(.text.rtc_init)
    rtc_read                                 0x080057a9   Thumb Code    60  dfr0151.o(.text.rtc_read)
    rtc_set_date                             0x080057e5   Thumb Code   114  dfr0151.o(.text.rtc_set_date)
    rtc_set_time                             0x08005859   Thumb Code   100  dfr0151.o(.text.rtc_set_time)
    rtc_write                                0x080058bd   Thumb Code    68  dfr0151.o(.text.rtc_write)
    _btod_d2e                                0x08005901   Thumb Code    62  btod.o(CL$$btod_d2e)
    _d2e_denorm_low                          0x0800593f   Thumb Code    70  btod.o(CL$$btod_d2e_denorm_low)
    _d2e_norm_op1                            0x08005985   Thumb Code    96  btod.o(CL$$btod_d2e_norm_op1)
    __btod_div_common                        0x080059e5   Thumb Code   696  btod.o(CL$$btod_div_common)
    _e2e                                     0x08005d1d   Thumb Code   220  btod.o(CL$$btod_e2e)
    _btod_ediv                               0x08005df9   Thumb Code    42  btod.o(CL$$btod_ediv)
    _btod_emul                               0x08005e23   Thumb Code    42  btod.o(CL$$btod_emul)
    __btod_mult_common                       0x08005e4d   Thumb Code   580  btod.o(CL$$btod_mult_common)
    __ARM_fpclassify                         0x08006091   Thumb Code    48  fpclassify.o(i.__ARM_fpclassify)
    _is_digit                                0x080060c1   Thumb Code    14  __printf_wp.o(i._is_digit)
    _get_lc_numeric                          0x080060d1   Thumb Code    44  lc_numeric_c.o(locale$$code)
    _get_lc_ctype                            0x080060fd   Thumb Code    44  lc_ctype_c.o(locale$$code)
    _fp_init                                 0x08006129   Thumb Code    26  fpinit.o(x$fpl$fpinit)
    __fplib_config_fpu_vfp                   0x08006141   Thumb Code     0  fpinit.o(x$fpl$fpinit)
    __fplib_config_pureend_doubles           0x08006141   Thumb Code     0  fpinit.o(x$fpl$fpinit)
    _printf_fp_dec                           0x08006143   Thumb Code     4  printf1.o(x$fpl$printf1)
    _printf_fp_hex                           0x08006147   Thumb Code     4  printf2.o(x$fpl$printf2)
    __I$use$fp                               0x0800614a   Number         0  usenofp.o(x$fpl$usenofp)
    AHBPrescTable                            0x08006248   Data          16  system_stm32f4xx.o(.rodata.AHBPrescTable)
    APBPrescTable                            0x08006258   Data           8  system_stm32f4xx.o(.rodata.APBPrescTable)
    Region$$Table$$Base                      0x080062b0   Number         0  anon$$obj.o(Region$$Table)
    Region$$Table$$Limit                     0x080062d0   Number         0  anon$$obj.o(Region$$Table)
    __ctype                                  0x080062f9   Data           0  lc_ctype_c.o(locale$$data)
    SystemCoreClock                          0x20000000   Data           4  system_stm32f4xx.o(.data.SystemCoreClock)
    uwTickFreq                               0x20000004   Data           1  stm32f4xx_hal.o(.data.uwTickFreq)
    uwTickPrio                               0x20000008   Data           4  stm32f4xx_hal.o(.data.uwTickPrio)
    __libspace_start                         0x20000010   Data          96  libspace.o(.bss)
    __temporary_stack_top$libspace           0x20000070   Data           0  libspace.o(.bss)
    hi2c1                                    0x20000070   Data          84  config.o(.bss.hi2c1)
    hpcd_USB_OTG_FS                          0x200000c4   Data        1292  config.o(.bss.hpcd_USB_OTG_FS)
    huart3                                   0x200005d0   Data          68  config.o(.bss.huart3)
    msg                                      0x20000614   Data          80  main.o(.bss.msg)
    uwTick                                   0x20000664   Data           4  stm32f4xx_hal.o(.bss.uwTick)



==============================================================================

Memory Map of the image

  Image Entry point : 0x080001c5

  Load Region LR_IROM1 (Base: 0x08000000, Size: 0x00006410, Max: 0x00080000, ABSOLUTE)

    Execution Region ER_IROM1 (Exec base: 0x08000000, Load base: 0x08000000, Size: 0x000063fc, Max: 0x00080000, ABSOLUTE)

    Exec Addr    Load Addr    Size         Type   Attr      Idx    E Section Name        Object

    0x08000000   0x08000000   0x000001c4   Data   RO            3    RESET               startup_stm32f446xx.o
    0x080001c4   0x080001c4   0x00000008   Code   RO         1148  * !!!main             c_w.l(__main.o)
    0x080001cc   0x080001cc   0x00000034   Code   RO         1495    !!!scatter          c_w.l(__scatter.o)
    0x08000200   0x08000200   0x0000001a   Code   RO         1497    !!handler_copy      c_w.l(__scatter_copy.o)
    0x0800021a   0x0800021a   0x00000002   PAD
    0x0800021c   0x0800021c   0x0000001c   Code   RO         1499    !!handler_zi        c_w.l(__scatter_zi.o)
    0x08000238   0x08000238   0x00000000   Code   RO         1236    .ARM.Collect$$_printf_percent$$00000000  c_w.l(_printf_percent.o)
    0x08000238   0x08000238   0x00000006   Code   RO         1225    .ARM.Collect$$_printf_percent$$00000001  c_w.l(_printf_n.o)
    0x0800023e   0x0800023e   0x00000006   Code   RO         1227    .ARM.Collect$$_printf_percent$$00000002  c_w.l(_printf_p.o)
    0x08000244   0x08000244   0x00000006   Code   RO         1232    .ARM.Collect$$_printf_percent$$00000003  c_w.l(_printf_f.o)
    0x0800024a   0x0800024a   0x00000006   Code   RO         1233    .ARM.Collect$$_printf_percent$$00000004  c_w.l(_printf_e.o)
    0x08000250   0x08000250   0x00000006   Code   RO         1234    .ARM.Collect$$_printf_percent$$00000005  c_w.l(_printf_g.o)
    0x08000256   0x08000256   0x00000006   Code   RO         1235    .ARM.Collect$$_printf_percent$$00000006  c_w.l(_printf_a.o)
    0x0800025c   0x0800025c   0x0000000a   Code   RO         1240    .ARM.Collect$$_printf_percent$$00000007  c_w.l(_printf_ll.o)
    0x08000266   0x08000266   0x00000006   Code   RO         1229    .ARM.Collect$$_printf_percent$$00000008  c_w.l(_printf_i.o)
    0x0800026c   0x0800026c   0x00000006   Code   RO         1230    .ARM.Collect$$_printf_percent$$00000009  c_w.l(_printf_d.o)
    0x08000272   0x08000272   0x00000006   Code   RO         1231    .ARM.Collect$$_printf_percent$$0000000A  c_w.l(_printf_u.o)
    0x08000278   0x08000278   0x00000006   Code   RO         1228    .ARM.Collect$$_printf_percent$$0000000B  c_w.l(_printf_o.o)
    0x0800027e   0x0800027e   0x00000006   Code   RO         1226    .ARM.Collect$$_printf_percent$$0000000C  c_w.l(_printf_x.o)
    0x08000284   0x08000284   0x00000006   Code   RO         1237    .ARM.Collect$$_printf_percent$$0000000D  c_w.l(_printf_lli.o)
    0x0800028a   0x0800028a   0x00000006   Code   RO         1238    .ARM.Collect$$_printf_percent$$0000000E  c_w.l(_printf_lld.o)
    0x08000290   0x08000290   0x00000006   Code   RO         1239    .ARM.Collect$$_printf_percent$$0000000F  c_w.l(_printf_llu.o)
    0x08000296   0x08000296   0x00000006   Code   RO         1244    .ARM.Collect$$_printf_percent$$00000010  c_w.l(_printf_llo.o)
    0x0800029c   0x0800029c   0x00000006   Code   RO         1245    .ARM.Collect$$_printf_percent$$00000011  c_w.l(_printf_llx.o)
    0x080002a2   0x080002a2   0x0000000a   Code   RO         1241    .ARM.Collect$$_printf_percent$$00000012  c_w.l(_printf_l.o)
    0x080002ac   0x080002ac   0x00000006   Code   RO         1223    .ARM.Collect$$_printf_percent$$00000013  c_w.l(_printf_c.o)
    0x080002b2   0x080002b2   0x00000006   Code   RO         1224    .ARM.Collect$$_printf_percent$$00000014  c_w.l(_printf_s.o)
    0x080002b8   0x080002b8   0x00000006   Code   RO         1242    .ARM.Collect$$_printf_percent$$00000015  c_w.l(_printf_lc.o)
    0x080002be   0x080002be   0x00000006   Code   RO         1243    .ARM.Collect$$_printf_percent$$00000016  c_w.l(_printf_ls.o)
    0x080002c4   0x080002c4   0x00000004   Code   RO         1288    .ARM.Collect$$_printf_percent$$00000017  c_w.l(_printf_percent_end.o)
    0x080002c8   0x080002c8   0x00000002   Code   RO         1343    .ARM.Collect$$libinit$$00000000  c_w.l(libinit.o)
    0x080002ca   0x080002ca   0x00000004   Code   RO         1367    .ARM.Collect$$libinit$$00000001  c_w.l(libinit2.o)
    0x080002ce   0x080002ce   0x00000000   Code   RO         1370    .ARM.Collect$$libinit$$00000004  c_w.l(libinit2.o)
    0x080002ce   0x080002ce   0x00000000   Code   RO         1372    .ARM.Collect$$libinit$$00000006  c_w.l(libinit2.o)
    0x080002ce   0x080002ce   0x00000000   Code   RO         1375    .ARM.Collect$$libinit$$0000000C  c_w.l(libinit2.o)
    0x080002ce   0x080002ce   0x00000000   Code   RO         1377    .ARM.Collect$$libinit$$0000000E  c_w.l(libinit2.o)
    0x080002ce   0x080002ce   0x00000000   Code   RO         1379    .ARM.Collect$$libinit$$00000010  c_w.l(libinit2.o)
    0x080002ce   0x080002ce   0x00000006   Code   RO         1380    .ARM.Collect$$libinit$$00000011  c_w.l(libinit2.o)
    0x080002d4   0x080002d4   0x00000000   Code   RO         1382    .ARM.Collect$$libinit$$00000013  c_w.l(libinit2.o)
    0x080002d4   0x080002d4   0x0000000c   Code   RO         1383    .ARM.Collect$$libinit$$00000014  c_w.l(libinit2.o)
    0x080002e0   0x080002e0   0x00000000   Code   RO         1384    .ARM.Collect$$libinit$$00000015  c_w.l(libinit2.o)
    0x080002e0   0x080002e0   0x00000000   Code   RO         1386    .ARM.Collect$$libinit$$00000017  c_w.l(libinit2.o)
    0x080002e0   0x080002e0   0x0000000a   Code   RO         1387    .ARM.Collect$$libinit$$00000018  c_w.l(libinit2.o)
    0x080002ea   0x080002ea   0x00000000   Code   RO         1388    .ARM.Collect$$libinit$$00000019  c_w.l(libinit2.o)
    0x080002ea   0x080002ea   0x00000000   Code   RO         1390    .ARM.Collect$$libinit$$0000001B  c_w.l(libinit2.o)
    0x080002ea   0x080002ea   0x00000000   Code   RO         1392    .ARM.Collect$$libinit$$0000001D  c_w.l(libinit2.o)
    0x080002ea   0x080002ea   0x00000000   Code   RO         1394    .ARM.Collect$$libinit$$0000001F  c_w.l(libinit2.o)
    0x080002ea   0x080002ea   0x00000000   Code   RO         1396    .ARM.Collect$$libinit$$00000021  c_w.l(libinit2.o)
    0x080002ea   0x080002ea   0x00000000   Code   RO         1398    .ARM.Collect$$libinit$$00000023  c_w.l(libinit2.o)
    0x080002ea   0x080002ea   0x00000000   Code   RO         1400    .ARM.Collect$$libinit$$00000025  c_w.l(libinit2.o)
    0x080002ea   0x080002ea   0x00000000   Code   RO         1402    .ARM.Collect$$libinit$$00000027  c_w.l(libinit2.o)
    0x080002ea   0x080002ea   0x00000000   Code   RO         1406    .ARM.Collect$$libinit$$0000002E  c_w.l(libinit2.o)
    0x080002ea   0x080002ea   0x00000000   Code   RO         1408    .ARM.Collect$$libinit$$00000030  c_w.l(libinit2.o)
    0x080002ea   0x080002ea   0x00000000   Code   RO         1410    .ARM.Collect$$libinit$$00000032  c_w.l(libinit2.o)
    0x080002ea   0x080002ea   0x00000000   Code   RO         1412    .ARM.Collect$$libinit$$00000034  c_w.l(libinit2.o)
    0x080002ea   0x080002ea   0x00000002   Code   RO         1413    .ARM.Collect$$libinit$$00000035  c_w.l(libinit2.o)
    0x080002ec   0x080002ec   0x00000002   Code   RO         1450    .ARM.Collect$$libshutdown$$00000000  c_w.l(libshutdown.o)
    0x080002ee   0x080002ee   0x00000000   Code   RO         1478    .ARM.Collect$$libshutdown$$00000002  c_w.l(libshutdown2.o)
    0x080002ee   0x080002ee   0x00000000   Code   RO         1480    .ARM.Collect$$libshutdown$$00000004  c_w.l(libshutdown2.o)
    0x080002ee   0x080002ee   0x00000000   Code   RO         1483    .ARM.Collect$$libshutdown$$00000007  c_w.l(libshutdown2.o)
    0x080002ee   0x080002ee   0x00000000   Code   RO         1486    .ARM.Collect$$libshutdown$$0000000A  c_w.l(libshutdown2.o)
    0x080002ee   0x080002ee   0x00000000   Code   RO         1488    .ARM.Collect$$libshutdown$$0000000C  c_w.l(libshutdown2.o)
    0x080002ee   0x080002ee   0x00000000   Code   RO         1491    .ARM.Collect$$libshutdown$$0000000F  c_w.l(libshutdown2.o)
    0x080002ee   0x080002ee   0x00000002   Code   RO         1492    .ARM.Collect$$libshutdown$$00000010  c_w.l(libshutdown2.o)
    0x080002f0   0x080002f0   0x00000000   Code   RO         1150    .ARM.Collect$$rtentry$$00000000  c_w.l(__rtentry.o)
    0x080002f0   0x080002f0   0x00000000   Code   RO         1255    .ARM.Collect$$rtentry$$00000002  c_w.l(__rtentry2.o)
    0x080002f0   0x080002f0   0x00000006   Code   RO         1267    .ARM.Collect$$rtentry$$00000004  c_w.l(__rtentry4.o)
    0x080002f6   0x080002f6   0x00000000   Code   RO         1257    .ARM.Collect$$rtentry$$00000009  c_w.l(__rtentry2.o)
    0x080002f6   0x080002f6   0x00000004   Code   RO         1258    .ARM.Collect$$rtentry$$0000000A  c_w.l(__rtentry2.o)
    0x080002fa   0x080002fa   0x00000000   Code   RO         1260    .ARM.Collect$$rtentry$$0000000C  c_w.l(__rtentry2.o)
    0x080002fa   0x080002fa   0x00000008   Code   RO         1261    .ARM.Collect$$rtentry$$0000000D  c_w.l(__rtentry2.o)
    0x08000302   0x08000302   0x00000002   Code   RO         1352    .ARM.Collect$$rtexit$$00000000  c_w.l(rtexit.o)
    0x08000304   0x08000304   0x00000000   Code   RO         1419    .ARM.Collect$$rtexit$$00000002  c_w.l(rtexit2.o)
    0x08000304   0x08000304   0x00000004   Code   RO         1420    .ARM.Collect$$rtexit$$00000003  c_w.l(rtexit2.o)
    0x08000308   0x08000308   0x00000006   Code   RO         1421    .ARM.Collect$$rtexit$$00000004  c_w.l(rtexit2.o)
    0x0800030e   0x0800030e   0x00000002   PAD
    0x08000310   0x08000310   0x00000040   Code   RO            4    .text               startup_stm32f446xx.o
    0x08000350   0x08000350   0x000000f0   Code   RO         1136    .text               c_w.l(lludivv7m.o)
    0x08000440   0x08000440   0x0000002c   Code   RO         1138    .text               c_w.l(sprintf.o)
    0x0800046c   0x0800046c   0x00000058   Code   RO         1140    .text               c_w.l(memcmp.o)
    0x080004c4   0x080004c4   0x0000003e   Code   RO         1142    .text               c_w.l(strlen.o)
    0x08000502   0x08000502   0x0000004e   Code   RO         1144    .text               c_w.l(rt_memclr_w.o)
    0x08000550   0x08000550   0x00000006   Code   RO         1146    .text               c_w.l(heapauxi.o)
    0x08000556   0x08000556   0x0000004e   Code   RO         1157    .text               c_w.l(_printf_pad.o)
    0x080005a4   0x080005a4   0x00000024   Code   RO         1159    .text               c_w.l(_printf_truncate.o)
    0x080005c8   0x080005c8   0x00000052   Code   RO         1161    .text               c_w.l(_printf_str.o)
    0x0800061a   0x0800061a   0x00000002   PAD
    0x0800061c   0x0800061c   0x00000078   Code   RO         1163    .text               c_w.l(_printf_dec.o)
    0x08000694   0x08000694   0x00000028   Code   RO         1165    .text               c_w.l(_printf_charcount.o)
    0x080006bc   0x080006bc   0x00000030   Code   RO         1167    .text               c_w.l(_printf_char_common.o)
    0x080006ec   0x080006ec   0x0000000a   Code   RO         1169    .text               c_w.l(_sputc.o)
    0x080006f6   0x080006f6   0x00000002   PAD
    0x080006f8   0x080006f8   0x000000bc   Code   RO         1171    .text               c_w.l(_printf_wctomb.o)
    0x080007b4   0x080007b4   0x0000007c   Code   RO         1174    .text               c_w.l(_printf_longlong_dec.o)
    0x08000830   0x08000830   0x00000070   Code   RO         1180    .text               c_w.l(_printf_oct_int_ll.o)
    0x080008a0   0x080008a0   0x00000094   Code   RO         1200    .text               c_w.l(_printf_hex_int_ll_ptr.o)
    0x08000934   0x08000934   0x00000188   Code   RO         1220    .text               c_w.l(__printf_flags_ss_wp.o)
    0x08000abc   0x08000abc   0x0000008a   Code   RO         1271    .text               c_w.l(lludiv10.o)
    0x08000b46   0x08000b46   0x000000b2   Code   RO         1273    .text               c_w.l(_printf_intcommon.o)
    0x08000bf8   0x08000bf8   0x0000041c   Code   RO         1275    .text               c_w.l(_printf_fp_dec.o)
    0x08001014   0x08001014   0x000002fc   Code   RO         1279    .text               c_w.l(_printf_fp_hex.o)
    0x08001310   0x08001310   0x0000002c   Code   RO         1284    .text               c_w.l(_printf_char.o)
    0x0800133c   0x0800133c   0x0000002c   Code   RO         1286    .text               c_w.l(_printf_wchar.o)
    0x08001368   0x08001368   0x00000048   Code   RO         1289    .text               c_w.l(_c16rtomb.o)
    0x080013b0   0x080013b0   0x0000004a   Code   RO         1291    .text               c_w.l(sys_stackheap_outer.o)
    0x080013fa   0x080013fa   0x00000002   PAD
    0x080013fc   0x080013fc   0x00000010   Code   RO         1293    .text               c_w.l(rt_ctype_table.o)
    0x0800140c   0x0800140c   0x00000008   Code   RO         1298    .text               c_w.l(rt_locale_intlibspace.o)
    0x08001414   0x08001414   0x00000080   Code   RO         1300    .text               c_w.l(_printf_fp_infnan.o)
    0x08001494   0x08001494   0x000000e4   Code   RO         1302    .text               c_w.l(bigflt0.o)
    0x08001578   0x08001578   0x00000012   Code   RO         1332    .text               c_w.l(exit.o)
    0x0800158a   0x0800158a   0x00000002   PAD
    0x0800158c   0x0800158c   0x00000008   Code   RO         1349    .text               c_w.l(libspace.o)
    0x08001594   0x08001594   0x00000004   PAD
    0x08001598   0x08001598   0x0000007c   Code   RO         1365    .text               c_w.l(strcmpv7em.o)
    0x08001614   0x08001614   0x0000000c   Code   RO         1414    .text               c_w.l(sys_exit.o)
    0x08001620   0x08001620   0x00000002   Code   RO         1439    .text               c_w.l(use_no_semi.o)
    0x08001622   0x08001622   0x00000000   Code   RO         1441    .text               c_w.l(indicate_semi.o)
    0x08001622   0x08001622   0x00000002   PAD
    0x08001624   0x08001624   0x00000002   Code   RO           28    .text.BusFault_Handler  stm32f4xx_it.o
    0x08001626   0x08001626   0x00000002   PAD
    0x08001628   0x08001628   0x00000002   Code   RO           34    .text.DebugMon_Handler  stm32f4xx_it.o
    0x0800162a   0x0800162a   0x00000002   PAD
    0x0800162c   0x0800162c   0x0000006a   Code   RO           40    .text.EXTI15_10_IRQHandler  stm32f4xx_it.o
    0x08001696   0x08001696   0x00000002   PAD
    0x08001698   0x08001698   0x0000000e   Code   RO          105    .text.Error_Handler  config.o
    0x080016a6   0x080016a6   0x00000002   PAD
    0x080016a8   0x080016a8   0x00000042   Code   RO          714    .text.HAL_Delay     stm32f4xx_hal.o
    0x080016ea   0x080016ea   0x00000002   PAD
    0x080016ec   0x080016ec   0x0000000a   Code   RO          495    .text.HAL_GPIO_EXTI_Callback  stm32f4xx_hal_gpio.o
    0x080016f6   0x080016f6   0x00000002   PAD
    0x080016f8   0x080016f8   0x00000038   Code   RO          493    .text.HAL_GPIO_EXTI_IRQHandler  stm32f4xx_hal_gpio.o
    0x08001730   0x08001730   0x0000039a   Code   RO          481    .text.HAL_GPIO_Init  stm32f4xx_hal_gpio.o
    0x08001aca   0x08001aca   0x00000002   PAD
    0x08001acc   0x08001acc   0x00000026   Code   RO          489    .text.HAL_GPIO_TogglePin  stm32f4xx_hal_gpio.o
    0x08001af2   0x08001af2   0x00000002   PAD
    0x08001af4   0x08001af4   0x0000002e   Code   RO          487    .text.HAL_GPIO_WritePin  stm32f4xx_hal_gpio.o
    0x08001b22   0x08001b22   0x00000002   PAD
    0x08001b24   0x08001b24   0x0000000c   Code   RO          706    .text.HAL_GetTick   stm32f4xx_hal.o
    0x08001b30   0x08001b30   0x000002a4   Code   RO          127    .text.HAL_I2C_Init  stm32f4xx_hal_i2c.o
    0x08001dd4   0x08001dd4   0x0000042c   Code   RO          181    .text.HAL_I2C_Mem_Read  stm32f4xx_hal_i2c.o
    0x08002200   0x08002200   0x00000210   Code   RO          177    .text.HAL_I2C_Mem_Write  stm32f4xx_hal_i2c.o
    0x08002410   0x08002410   0x00000092   Code   RO           53    .text.HAL_I2C_MspInit  stm32f4xx_hal_msp.o
    0x080024a2   0x080024a2   0x00000002   PAD
    0x080024a4   0x080024a4   0x0000001a   Code   RO          704    .text.HAL_IncTick   stm32f4xx_hal.o
    0x080024be   0x080024be   0x00000002   PAD
    0x080024c0   0x080024c0   0x0000003c   Code   RO          694    .text.HAL_Init      stm32f4xx_hal.o
    0x080024fc   0x080024fc   0x00000070   Code   RO          696    .text.HAL_InitTick  stm32f4xx_hal.o
    0x0800256c   0x0800256c   0x0000004a   Code   RO           51    .text.HAL_MspInit   stm32f4xx_hal_msp.o
    0x080025b6   0x080025b6   0x00000002   PAD
    0x080025b8   0x080025b8   0x00000014   Code   RO          635    .text.HAL_NVIC_EnableIRQ  stm32f4xx_hal_cortex.o
    0x080025cc   0x080025cc   0x00000032   Code   RO          627    .text.HAL_NVIC_SetPriority  stm32f4xx_hal_cortex.o
    0x080025fe   0x080025fe   0x00000002   PAD
    0x08002600   0x08002600   0x00000010   Code   RO          623    .text.HAL_NVIC_SetPriorityGrouping  stm32f4xx_hal_cortex.o
    0x08002610   0x08002610   0x00000036   Code   RO         1001    .text.HAL_PCDEx_ActivateLPM  stm32f4xx_hal_pcd_ex.o
    0x08002646   0x08002646   0x00000002   PAD
    0x08002648   0x08002648   0x000002c4   Code   RO          914    .text.HAL_PCD_Init  stm32f4xx_hal_pcd.o
    0x0800290c   0x0800290c   0x000000da   Code   RO           61    .text.HAL_PCD_MspInit  stm32f4xx_hal_msp.o
    0x080029e6   0x080029e6   0x00000002   PAD
    0x080029e8   0x080029e8   0x0000070c   Code   RO          342    .text.HAL_RCCEx_PeriphCLKConfig  stm32f4xx_hal_rcc_ex.o
    0x080030f4   0x080030f4   0x00000262   Code   RO          311    .text.HAL_RCC_ClockConfig  stm32f4xx_hal_rcc.o
    0x08003356   0x08003356   0x00000002   PAD
    0x08003358   0x08003358   0x0000000c   Code   RO          321    .text.HAL_RCC_GetHCLKFreq  stm32f4xx_hal_rcc.o
    0x08003364   0x08003364   0x00000022   Code   RO          323    .text.HAL_RCC_GetPCLK1Freq  stm32f4xx_hal_rcc.o
    0x08003386   0x08003386   0x00000002   PAD
    0x08003388   0x08003388   0x00000022   Code   RO          325    .text.HAL_RCC_GetPCLK2Freq  stm32f4xx_hal_rcc.o
    0x080033aa   0x080033aa   0x00000002   PAD
    0x080033ac   0x080033ac   0x00000170   Code   RO          358    .text.HAL_RCC_GetSysClockFreq  stm32f4xx_hal_rcc_ex.o
    0x0800351c   0x0800351c   0x00000726   Code   RO          362    .text.HAL_RCC_OscConfig  stm32f4xx_hal_rcc_ex.o
    0x08003c42   0x08003c42   0x00000002   PAD
    0x08003c44   0x08003c44   0x00000010   Code   RO          647    .text.HAL_SYSTICK_Config  stm32f4xx_hal_cortex.o
    0x08003c54   0x08003c54   0x0000009a   Code   RO          785    .text.HAL_UART_Init  stm32f4xx_hal_uart.o
    0x08003cee   0x08003cee   0x00000002   PAD
    0x08003cf0   0x08003cf0   0x00000092   Code   RO           57    .text.HAL_UART_MspInit  stm32f4xx_hal_msp.o
    0x08003d82   0x08003d82   0x00000002   PAD
    0x08003d84   0x08003d84   0x0000014e   Code   RO          801    .text.HAL_UART_Transmit  stm32f4xx_hal_uart.o
    0x08003ed2   0x08003ed2   0x00000002   PAD
    0x08003ed4   0x08003ed4   0x0000001e   Code   RO           24    .text.HardFault_Handler  stm32f4xx_it.o
    0x08003ef2   0x08003ef2   0x00000002   PAD
    0x08003ef4   0x08003ef4   0x00000064   Code   RO          287    .text.I2C_IsAcknowledgeFailed  stm32f4xx_hal_i2c.o
    0x08003f58   0x08003f58   0x000001e2   Code   RO          183    .text.I2C_RequestMemoryRead  stm32f4xx_hal_i2c.o
    0x0800413a   0x0800413a   0x00000002   PAD
    0x0800413c   0x0800413c   0x0000013a   Code   RO          179    .text.I2C_RequestMemoryWrite  stm32f4xx_hal_i2c.o
    0x08004276   0x08004276   0x00000002   PAD
    0x08004278   0x08004278   0x00000096   Code   RO          143    .text.I2C_WaitOnBTFFlagUntilTimeout  stm32f4xx_hal_i2c.o
    0x0800430e   0x0800430e   0x00000002   PAD
    0x08004310   0x08004310   0x000000be   Code   RO          137    .text.I2C_WaitOnFlagUntilTimeout  stm32f4xx_hal_i2c.o
    0x080043ce   0x080043ce   0x00000002   PAD
    0x080043d0   0x080043d0   0x00000110   Code   RO          285    .text.I2C_WaitOnMasterAddressFlagUntilTimeout  stm32f4xx_hal_i2c.o
    0x080044e0   0x080044e0   0x000000c6   Code   RO          149    .text.I2C_WaitOnRXNEFlagUntilTimeout  stm32f4xx_hal_i2c.o
    0x080045a6   0x080045a6   0x00000002   PAD
    0x080045a8   0x080045a8   0x00000094   Code   RO          141    .text.I2C_WaitOnTXEFlagUntilTimeout  stm32f4xx_hal_i2c.o
    0x0800463c   0x0800463c   0x00000182   Code   RO          113    .text.MX_GPIO_Init  config.o
    0x080047be   0x080047be   0x00000002   PAD
    0x080047c0   0x080047c0   0x00000048   Code   RO          107    .text.MX_I2C1_Init  config.o
    0x08004808   0x08004808   0x00000040   Code   RO          109    .text.MX_USART3_UART_Init  config.o
    0x08004848   0x08004848   0x00000040   Code   RO          111    .text.MX_USB_OTG_FS_PCD_Init  config.o
    0x08004888   0x08004888   0x0000001e   Code   RO           26    .text.MemManage_Handler  stm32f4xx_it.o
    0x080048a6   0x080048a6   0x00000002   PAD
    0x080048a8   0x080048a8   0x0000001e   Code   RO           22    .text.NMI_Handler   stm32f4xx_it.o
    0x080048c6   0x080048c6   0x00000002   PAD
    0x080048c8   0x080048c8   0x0000006c   Code   RO          633    .text.NVIC_EncodePriority  stm32f4xx_hal_cortex.o
    0x08004934   0x08004934   0x00000002   Code   RO           36    .text.PendSV_Handler  stm32f4xx_it.o
    0x08004936   0x08004936   0x00000002   PAD
    0x08004938   0x08004938   0x00000002   Code   RO           32    .text.SVC_Handler   stm32f4xx_it.o
    0x0800493a   0x0800493a   0x00000002   PAD
    0x0800493c   0x0800493c   0x00000052   Code   RO          649    .text.SysTick_Config  stm32f4xx_hal_cortex.o
    0x0800498e   0x0800498e   0x00000002   PAD
    0x08004990   0x08004990   0x00000008   Code   RO           38    .text.SysTick_Handler  stm32f4xx_it.o
    0x08004998   0x08004998   0x000000be   Code   RO          103    .text.SystemClock_Config  config.o
    0x08004a56   0x08004a56   0x00000002   PAD
    0x08004a58   0x08004a58   0x00000012   Code   RO         1121    .text.SystemInit    system_stm32f4xx.o
    0x08004a6a   0x08004a6a   0x00000002   PAD
    0x08004a6c   0x08004a6c   0x0000013a   Code   RO          789    .text.UART_SetConfig  stm32f4xx_hal_uart.o
    0x08004ba6   0x08004ba6   0x00000002   PAD
    0x08004ba8   0x08004ba8   0x000000d2   Code   RO          803    .text.UART_WaitOnFlagUntilTimeout  stm32f4xx_hal_uart.o
    0x08004c7a   0x08004c7a   0x00000002   PAD
    0x08004c7c   0x08004c7c   0x000000fc   Code   RO         1016    .text.USB_CoreInit  stm32f4xx_ll_usb.o
    0x08004d78   0x08004d78   0x00000082   Code   RO         1018    .text.USB_CoreReset  stm32f4xx_ll_usb.o
    0x08004dfa   0x08004dfa   0x00000002   PAD
    0x08004dfc   0x08004dfc   0x0000002a   Code   RO         1068    .text.USB_DevDisconnect  stm32f4xx_ll_usb.o
    0x08004e26   0x08004e26   0x00000002   PAD
    0x08004e28   0x08004e28   0x000002b8   Code   RO         1030    .text.USB_DevInit   stm32f4xx_ll_usb.o
    0x080050e0   0x080050e0   0x00000014   Code   RO         1024    .text.USB_DisableGlobalInt  stm32f4xx_ll_usb.o
    0x080050f4   0x080050f4   0x00000080   Code   RO         1036    .text.USB_FlushRxFifo  stm32f4xx_ll_usb.o
    0x08005174   0x08005174   0x00000086   Code   RO         1034    .text.USB_FlushTxFifo  stm32f4xx_ll_usb.o
    0x080051fa   0x080051fa   0x00000002   PAD
    0x080051fc   0x080051fc   0x00000010   Code   RO         1028    .text.USB_GetMode   stm32f4xx_ll_usb.o
    0x0800520c   0x0800520c   0x000000de   Code   RO         1026    .text.USB_SetCurrentMode  stm32f4xx_ll_usb.o
    0x080052ea   0x080052ea   0x00000002   PAD
    0x080052ec   0x080052ec   0x00000022   Code   RO         1032    .text.USB_SetDevSpeed  stm32f4xx_ll_usb.o
    0x0800530e   0x0800530e   0x00000002   PAD
    0x08005310   0x08005310   0x00000002   Code   RO           30    .text.UsageFault_Handler  stm32f4xx_it.o
    0x08005312   0x08005312   0x00000002   PAD
    0x08005314   0x08005314   0x00000030   Code   RO          637    .text.__NVIC_EnableIRQ  stm32f4xx_hal_cortex.o
    0x08005344   0x08005344   0x00000010   Code   RO          629    .text.__NVIC_GetPriorityGrouping  stm32f4xx_hal_cortex.o
    0x08005354   0x08005354   0x00000042   Code   RO          631    .text.__NVIC_SetPriority  stm32f4xx_hal_cortex.o
    0x08005396   0x08005396   0x00000002   PAD
    0x08005398   0x08005398   0x0000003c   Code   RO          625    .text.__NVIC_SetPriorityGrouping  stm32f4xx_hal_cortex.o
    0x080053d4   0x080053d4   0x0000001e   Code   RO           72    .text.bcd2bin       dfr0151.o
    0x080053f2   0x080053f2   0x00000002   PAD
    0x080053f4   0x080053f4   0x0000002e   Code   RO           74    .text.bin2bcd       dfr0151.o
    0x08005422   0x08005422   0x00000002   PAD
    0x08005424   0x08005424   0x00000044   Code   RO           94    .text.eeprom_read_ext  dfr0151.o
    0x08005468   0x08005468   0x00000044   Code   RO           90    .text.eeprom_write  dfr0151.o
    0x080054ac   0x080054ac   0x0000018a   Code   RO           11    .text.main          main.o
    0x08005636   0x08005636   0x00000002   PAD
    0x08005638   0x08005638   0x00000024   Code   RO          115    .text.print_msg     config.o
    0x0800565c   0x0800565c   0x0000006a   Code   RO           86    .text.rtc_get_date  dfr0151.o
    0x080056c6   0x080056c6   0x00000002   PAD
    0x080056c8   0x080056c8   0x0000005e   Code   RO           82    .text.rtc_get_time  dfr0151.o
    0x08005726   0x08005726   0x00000002   PAD
    0x08005728   0x08005728   0x0000007e   Code   RO           80    .text.rtc_init      dfr0151.o
    0x080057a6   0x080057a6   0x00000002   PAD
    0x080057a8   0x080057a8   0x0000003c   Code   RO           76    .text.rtc_read      dfr0151.o
    0x080057e4   0x080057e4   0x00000072   Code   RO           88    .text.rtc_set_date  dfr0151.o
    0x08005856   0x08005856   0x00000002   PAD
    0x08005858   0x08005858   0x00000064   Code   RO           84    .text.rtc_set_time  dfr0151.o
    0x080058bc   0x080058bc   0x00000044   Code   RO           78    .text.rtc_write     dfr0151.o
    0x08005900   0x08005900   0x0000003e   Code   RO         1305    CL$$btod_d2e        c_w.l(btod.o)
    0x0800593e   0x0800593e   0x00000046   Code   RO         1307    CL$$btod_d2e_denorm_low  c_w.l(btod.o)
    0x08005984   0x08005984   0x00000060   Code   RO         1306    CL$$btod_d2e_norm_op1  c_w.l(btod.o)
    0x080059e4   0x080059e4   0x00000338   Code   RO         1315    CL$$btod_div_common  c_w.l(btod.o)
    0x08005d1c   0x08005d1c   0x000000dc   Code   RO         1312    CL$$btod_e2e        c_w.l(btod.o)
    0x08005df8   0x08005df8   0x0000002a   Code   RO         1309    CL$$btod_ediv       c_w.l(btod.o)
    0x08005e22   0x08005e22   0x0000002a   Code   RO         1308    CL$$btod_emul       c_w.l(btod.o)
    0x08005e4c   0x08005e4c   0x00000244   Code   RO         1314    CL$$btod_mult_common  c_w.l(btod.o)
    0x08006090   0x08006090   0x00000030   Code   RO         1347    i.__ARM_fpclassify  m_wm.l(fpclassify.o)
    0x080060c0   0x080060c0   0x0000000e   Code   RO         1213    i._is_digit         c_w.l(__printf_wp.o)
    0x080060ce   0x080060ce   0x00000002   PAD
    0x080060d0   0x080060d0   0x0000002c   Code   RO         1330    locale$$code        c_w.l(lc_numeric_c.o)
    0x080060fc   0x080060fc   0x0000002c   Code   RO         1359    locale$$code        c_w.l(lc_ctype_c.o)
    0x08006128   0x08006128   0x0000001a   Code   RO         1433    x$fpl$fpinit        fz_wm.l(fpinit.o)
    0x08006142   0x08006142   0x00000004   Code   RO         1246    x$fpl$printf1       fz_wm.l(printf1.o)
    0x08006146   0x08006146   0x00000004   Code   RO         1248    x$fpl$printf2       fz_wm.l(printf2.o)
    0x0800614a   0x0800614a   0x00000000   Code   RO         1346    x$fpl$usenofp       fz_wm.l(usenofp.o)
    0x0800614a   0x0800614a   0x00000002   PAD
    0x0800614c   0x0800614c   0x00000008   Data   RO         1172    .constdata          c_w.l(_printf_wctomb.o)
    0x08006154   0x08006154   0x00000028   Data   RO         1201    .constdata          c_w.l(_printf_hex_int_ll_ptr.o)
    0x0800617c   0x0800617c   0x00000011   Data   RO         1221    .constdata          c_w.l(__printf_flags_ss_wp.o)
    0x0800618d   0x0800618d   0x00000026   Data   RO         1280    .constdata          c_w.l(_printf_fp_hex.o)
    0x080061b3   0x080061b3   0x00000001   PAD
    0x080061b4   0x080061b4   0x00000094   Data   RO         1303    .constdata          c_w.l(bigflt0.o)
    0x08006248   0x08006248   0x00000010   Data   RO         1126    .rodata.AHBPrescTable  system_stm32f4xx.o
    0x08006258   0x08006258   0x00000008   Data   RO         1127    .rodata.APBPrescTable  system_stm32f4xx.o
    0x08006260   0x08006260   0x00000037   Data   RO           14    .rodata.str1.1      main.o
    0x08006297   0x08006297   0x00000019   Data   RO           42    .rodata.str1.1      stm32f4xx_it.o
    0x080062b0   0x080062b0   0x00000020   Data   RO         1494    Region$$Table       anon$$obj.o
    0x080062d0   0x080062d0   0x0000001c   Data   RO         1329    locale$$data        c_w.l(lc_numeric_c.o)
    0x080062ec   0x080062ec   0x00000110   Data   RO         1358    locale$$data        c_w.l(lc_ctype_c.o)


    Execution Region RW_IRAM1 (Exec base: 0x20000000, Load base: 0x08006400, Size: 0x00000c68, Max: 0x00020000, ABSOLUTE)

    Exec Addr    Load Addr    Size         Type   Attr      Idx    E Section Name        Object

    0x20000000   0x08006400   0x00000004   Data   RW         1125    .data.SystemCoreClock  system_stm32f4xx.o
    0x20000004   0x08006404   0x00000001   Data   RW          749    .data.uwTickFreq    stm32f4xx_hal.o
    0x20000005   0x08006405   0x00000003   PAD
    0x20000008   0x08006408   0x00000004   Data   RW          748    .data.uwTickPrio    stm32f4xx_hal.o
    0x2000000c   0x0800640c   0x00000004   PAD
    0x20000010        -       0x00000060   Zero   RW         1350    .bss                c_w.l(libspace.o)
    0x20000070        -       0x00000054   Zero   RW          117    .bss.hi2c1          config.o
    0x200000c4        -       0x0000050c   Zero   RW          119    .bss.hpcd_USB_OTG_FS  config.o
    0x200005d0        -       0x00000044   Zero   RW          118    .bss.huart3         config.o
    0x20000614        -       0x00000050   Zero   RW           13    .bss.msg            main.o
    0x20000664        -       0x00000004   Zero   RW          750    .bss.uwTick         stm32f4xx_hal.o
    0x20000668        -       0x00000200   Zero   RW            2    HEAP                startup_stm32f446xx.o
    0x20000868        -       0x00000400   Zero   RW            1    STACK               startup_stm32f446xx.o


==============================================================================

Image component sizes


      Code (inc. data)   RO Data    RW Data    ZI Data      Debug   Object Name

       826          0          0          0       1444      11829   config.o
       880          0          0          0          0       2878   dfr0151.o
       394          0         55          0         80       1602   main.o
        64         26        452          0       1536        844   startup_stm32f446xx.o
       276          0          0          5          4       7297   stm32f4xx_hal.o
       482          0          0          0          0       9517   stm32f4xx_hal_cortex.o
      1072          0          0          0          0       5178   stm32f4xx_hal_gpio.o
      4126          0          0          0          0      37232   stm32f4xx_hal_i2c.o
       584          0          0          0          0       9965   stm32f4xx_hal_msp.o
       708          0          0          0          0      14564   stm32f4xx_hal_pcd.o
        54          0          0          0          0       4645   stm32f4xx_hal_pcd_ex.o
       690          0          0          0          0       7685   stm32f4xx_hal_rcc.o
      4002         14          0          0          0      11005   stm32f4xx_hal_rcc_ex.o
      1012          0          0          0          0      20104   stm32f4xx_hal_uart.o
       214          0         25          0          0       1970   stm32f4xx_it.o
      1674          0          0          0          0      19189   stm32f4xx_ll_usb.o
        18          0         24          4          0       2607   system_stm32f4xx.o

    ----------------------------------------------------------------------
     17180         40        588         12       3068     168111   Object Totals
         0          0         32          0          0          0   (incl. Generated)
       104          0          0          3          4          0   (incl. Padding)

    ----------------------------------------------------------------------

      Code (inc. data)   RO Data    RW Data    ZI Data      Debug   Library Member Name

         8          0          0          0          0         68   __main.o
       392          4         17          0          0         92   __printf_flags_ss_wp.o
        14          0          0          0          0         68   __printf_wp.o
         0          0          0          0          0          0   __rtentry.o
        12          0          0          0          0          0   __rtentry2.o
         6          0          0          0          0          0   __rtentry4.o
        52          8          0          0          0          0   __scatter.o
        26          0          0          0          0          0   __scatter_copy.o
        28          0          0          0          0          0   __scatter_zi.o
        72          0          0          0          0         96   _c16rtomb.o
         6          0          0          0          0          0   _printf_a.o
         6          0          0          0          0          0   _printf_c.o
        44          0          0          0          0        108   _printf_char.o
        48          6          0          0          0         96   _printf_char_common.o
        40          0          0          0          0         68   _printf_charcount.o
         6          0          0          0          0          0   _printf_d.o
       120         16          0          0          0         92   _printf_dec.o
         6          0          0          0          0          0   _printf_e.o
         6          0          0          0          0          0   _printf_f.o
      1052          0          0          0          0        148   _printf_fp_dec.o
       764          8         38          0          0        100   _printf_fp_hex.o
       128         16          0          0          0         84   _printf_fp_infnan.o
         6          0          0          0          0          0   _printf_g.o
       148          4         40          0          0        160   _printf_hex_int_ll_ptr.o
         6          0          0          0          0          0   _printf_i.o
       178          0          0          0          0         88   _printf_intcommon.o
        10          0          0          0          0          0   _printf_l.o
         6          0          0          0          0          0   _printf_lc.o
        10          0          0          0          0          0   _printf_ll.o
         6          0          0          0          0          0   _printf_lld.o
         6          0          0          0          0          0   _printf_lli.o
         6          0          0          0          0          0   _printf_llo.o
         6          0          0          0          0          0   _printf_llu.o
         6          0          0          0          0          0   _printf_llx.o
       124         16          0          0          0         92   _printf_longlong_dec.o
         6          0          0          0          0          0   _printf_ls.o
         6          0          0          0          0          0   _printf_n.o
         6          0          0          0          0          0   _printf_o.o
       112          8          0          0          0        124   _printf_oct_int_ll.o
         6          0          0          0          0          0   _printf_p.o
        78          0          0          0          0        108   _printf_pad.o
         0          0          0          0          0          0   _printf_percent.o
         4          0          0          0          0          0   _printf_percent_end.o
         6          0          0          0          0          0   _printf_s.o
        82          0          0          0          0         80   _printf_str.o
        36          0          0          0          0         84   _printf_truncate.o
         6          0          0          0          0          0   _printf_u.o
        44          0          0          0          0        108   _printf_wchar.o
       188          6          8          0          0         92   _printf_wctomb.o
         6          0          0          0          0          0   _printf_x.o
        10          0          0          0          0         68   _sputc.o
       228          4        148          0          0         96   bigflt0.o
      1936        128          0          0          0        668   btod.o
        18          0          0          0          0         80   exit.o
         6          0          0          0          0        152   heapauxi.o
         0          0          0          0          0          0   indicate_semi.o
        44         10        272          0          0         76   lc_ctype_c.o
        44         10         28          0          0         76   lc_numeric_c.o
         2          0          0          0          0          0   libinit.o
        34          0          0          0          0          0   libinit2.o
         2          0          0          0          0          0   libshutdown.o
         2          0          0          0          0          0   libshutdown2.o
         8          4          0          0         96         68   libspace.o
       138          0          0          0          0         80   lludiv10.o
       240          0          0          0          0        100   lludivv7m.o
        88          0          0          0          0         76   memcmp.o
        16          4          0          0          0         76   rt_ctype_table.o
         8          4          0          0          0         68   rt_locale_intlibspace.o
        78          0          0          0          0         80   rt_memclr_w.o
         2          0          0          0          0          0   rtexit.o
        10          0          0          0          0          0   rtexit2.o
        44          6          0          0          0         84   sprintf.o
       124          0          0          0          0         88   strcmpv7em.o
        62          0          0          0          0         76   strlen.o
        12          4          0          0          0         68   sys_exit.o
        74          0          0          0          0         80   sys_stackheap_outer.o
         2          0          0          0          0         68   use_no_semi.o
        26          0          0          0          0        116   fpinit.o
         4          0          0          0          0        116   printf1.o
         4          0          0          0          0        116   printf2.o
         0          0          0          0          0          0   usenofp.o
        48          0          0          0          0        124   fpclassify.o

    ----------------------------------------------------------------------
      7276        270        552          0         96       4656   Library Totals
        22          4          1          0          0          0   (incl. Padding)

    ----------------------------------------------------------------------

      Code (inc. data)   RO Data    RW Data    ZI Data      Debug   Library Name

      7172        266        551          0         96       4184   c_w.l
        34          0          0          0          0        348   fz_wm.l
        48          0          0          0          0        124   m_wm.l

    ----------------------------------------------------------------------
      7276        270        552          0         96       4656   Library Totals

    ----------------------------------------------------------------------

==============================================================================


      Code (inc. data)   RO Data    RW Data    ZI Data      Debug   

     24456        310       1140         12       3164     170031   Grand Totals
     24456        310       1140         12       3164     170031   ELF Image Totals
     24456        310       1140         12          0          0   ROM Totals

==============================================================================

    Total RO  Size (Code + RO Data)                25596 (  25.00kB)
    Total RW  Size (RW Data + ZI Data)              3176 (   3.10kB)
    Total ROM Size (Code + RO Data + RW Data)      25608 (  25.01kB)

==============================================================================

